Archive member included to satisfy reference by file (symbol)

/usr/lib/gcc/arm-none-eabi/4.9.3/armv7e-m/fpu/libgcc.a(_aeabi_uldivmod.o)
                              projects/lab3/out/libs/lpc_open/lpc_chip_43xx/src/i2s_18xx_43xx.o (__aeabi_uldivmod)
/usr/lib/gcc/arm-none-eabi/4.9.3/armv7e-m/fpu/libgcc.a(bpabi.o)
                              /usr/lib/gcc/arm-none-eabi/4.9.3/armv7e-m/fpu/libgcc.a(_aeabi_uldivmod.o) (__gnu_uldivmod_helper)
/usr/lib/gcc/arm-none-eabi/4.9.3/armv7e-m/fpu/libgcc.a(_dvmd_tls.o)
                              /usr/lib/gcc/arm-none-eabi/4.9.3/armv7e-m/fpu/libgcc.a(_aeabi_uldivmod.o) (__aeabi_ldiv0)
/usr/lib/gcc/arm-none-eabi/4.9.3/armv7e-m/fpu/libgcc.a(_divdi3.o)
                              /usr/lib/gcc/arm-none-eabi/4.9.3/armv7e-m/fpu/libgcc.a(bpabi.o) (__divdi3)
/usr/lib/gcc/arm-none-eabi/4.9.3/armv7e-m/fpu/libgcc.a(_udivdi3.o)
                              /usr/lib/gcc/arm-none-eabi/4.9.3/armv7e-m/fpu/libgcc.a(bpabi.o) (__udivdi3)
/usr/lib/gcc/arm-none-eabi/4.9.3/../../../arm-none-eabi/lib/armv7e-m/fpu/libc_nano.a(lib_a-init.o)
                              projects/lab3/out/libs/cmsis_core//src/armv7m_startup.o (__libc_init_array)
/usr/lib/gcc/arm-none-eabi/4.9.3/../../../arm-none-eabi/lib/armv7e-m/fpu/libc_nano.a(lib_a-memcpy.o)
                              projects/lab3/out/libs/lpc_open/lpc_chip_43xx/src/ring_buffer.o (memcpy)
/usr/lib/gcc/arm-none-eabi/4.9.3/../../../arm-none-eabi/lib/armv7e-m/fpu/libc_nano.a(lib_a-memset.o)
                              projects/lab3/out/projects/lab3/src/hid_main.o (memset)

Allocating common symbols
Common symbol       size              file

pIsrADC0            0x4               projects/lab3/out/modules/drivers_bm//src/adc.o
SystemCoreClock     0x4               projects/lab3/out/libs/lpc_open/lpc_chip_43xx/src/chip_18xx_43xx.o
pIsrTimer           0x4               projects/lab3/out/modules/drivers_bm//src/timer.o
g_pUsbApi           0x4               projects/lab3/out/projects/lab3/src/hid_main.o

Discarded input sections

 .group         0x00000000        0x8 projects/lab3/out/projects/lab3/src/hid_main.o
 .group         0x00000000        0x8 projects/lab3/out/projects/lab3/src/hid_main.o
 .group         0x00000000        0x8 projects/lab3/out/projects/lab3/src/hid_main.o
 .group         0x00000000        0x8 projects/lab3/out/projects/lab3/src/hid_main.o
 .group         0x00000000        0x8 projects/lab3/out/projects/lab3/src/hid_main.o
 .group         0x00000000        0x8 projects/lab3/out/projects/lab3/src/hid_main.o
 .group         0x00000000        0x8 projects/lab3/out/projects/lab3/src/hid_main.o
 .group         0x00000000        0x8 projects/lab3/out/projects/lab3/src/hid_main.o
 .group         0x00000000        0x8 projects/lab3/out/projects/lab3/src/hid_main.o
 .group         0x00000000        0x8 projects/lab3/out/projects/lab3/src/hid_main.o
 .group         0x00000000        0x8 projects/lab3/out/projects/lab3/src/hid_main.o
 .group         0x00000000        0x8 projects/lab3/out/projects/lab3/src/hid_main.o
 .group         0x00000000        0x8 projects/lab3/out/projects/lab3/src/hid_main.o
 .group         0x00000000        0x8 projects/lab3/out/projects/lab3/src/hid_main.o
 .group         0x00000000        0x8 projects/lab3/out/projects/lab3/src/hid_main.o
 .group         0x00000000        0x8 projects/lab3/out/projects/lab3/src/hid_main.o
 .group         0x00000000        0x8 projects/lab3/out/projects/lab3/src/hid_main.o
 .group         0x00000000        0x8 projects/lab3/out/projects/lab3/src/hid_main.o
 .group         0x00000000        0x8 projects/lab3/out/projects/lab3/src/hid_main.o
 .group         0x00000000        0x8 projects/lab3/out/projects/lab3/src/hid_main.o
 .group         0x00000000        0x8 projects/lab3/out/projects/lab3/src/hid_main.o
 .group         0x00000000        0x8 projects/lab3/out/projects/lab3/src/hid_main.o
 .group         0x00000000        0x8 projects/lab3/out/projects/lab3/src/hid_main.o
 .group         0x00000000        0x8 projects/lab3/out/projects/lab3/src/hid_main.o
 .group         0x00000000        0x8 projects/lab3/out/projects/lab3/src/hid_main.o
 .group         0x00000000        0x8 projects/lab3/out/projects/lab3/src/hid_main.o
 .group         0x00000000        0x8 projects/lab3/out/projects/lab3/src/hid_main.o
 .group         0x00000000        0x8 projects/lab3/out/projects/lab3/src/hid_main.o
 .group         0x00000000        0x8 projects/lab3/out/projects/lab3/src/hid_main.o
 .group         0x00000000        0x8 projects/lab3/out/projects/lab3/src/hid_main.o
 .group         0x00000000        0x8 projects/lab3/out/projects/lab3/src/hid_main.o
 .group         0x00000000        0x8 projects/lab3/out/projects/lab3/src/hid_main.o
 .group         0x00000000        0x8 projects/lab3/out/projects/lab3/src/hid_main.o
 .group         0x00000000        0x8 projects/lab3/out/projects/lab3/src/hid_main.o
[...]
Memory Configuration

Name             Origin             Length             Attributes
MFlashA512       0x1a000000         0x00080000         xr
MFlashB512       0x1b000000         0x00080000         xr
RamLoc32         0x10000000         0x00008000         xrw
RamLoc40         0x10080000         0x0000a000         xrw
RamAHB32         0x20000000         0x00008000         xrw
RamAHB16         0x20008000         0x00004000         xrw
RamAHB_ETB16     0x2000c000         0x00004000         xrw
*default*        0x00000000         0xffffffff

Linker script and memory map

START GROUP
LOAD projects/lab3/out/projects/lab3/src/hid_main.o
LOAD projects/lab3/out/projects/lab3/src/hid_keyboard.o
LOAD projects/lab3/out/projects/lab3/src/hid_desc.o
LOAD projects/lab3/out/libs/cmsis_core//src/armv7m_startup.o
LOAD projects/lab3/out/libs/sys_newlib//src/system.o
LOAD projects/lab3/out/modules/drivers_bm//src/display.o
LOAD projects/lab3/out/modules/drivers_bm//src/uart.o
LOAD projects/lab3/out/modules/drivers_bm//src/switch.o
LOAD projects/lab3/out/modules/drivers_bm//src/soc.o
LOAD projects/lab3/out/modules/drivers_bm//src/itoa.o
LOAD projects/lab3/out/modules/drivers_bm//src/unt.o
LOAD projects/lab3/out/modules/drivers_bm//src/led.o
LOAD projects/lab3/out/modules/drivers_bm//src/timer.o
LOAD projects/lab3/out/modules/drivers_bm//src/dac.o
LOAD projects/lab3/out/modules/drivers_bm//src/adc.o
LOAD projects/lab3/out/libs/lpc_open/boards/edu_ciaa_nxp/src/board.o
LOAD projects/lab3/out/libs/lpc_open/boards/edu_ciaa_nxp/src/board_sysinit.o
LOAD projects/lab3/out/libs/lpc_open/lpc_chip_43xx/src/gpiogroup_18xx_43xx.o
LOAD projects/lab3/out/libs/lpc_open/lpc_chip_43xx/src/emc_18xx_43xx.o
LOAD projects/lab3/out/libs/lpc_open/lpc_chip_43xx/src/dac_18xx_43xx.o
LOAD projects/lab3/out/libs/lpc_open/lpc_chip_43xx/src/ritimer_18xx_43xx.o
LOAD projects/lab3/out/libs/lpc_open/lpc_chip_43xx/src/i2s_18xx_43xx.o
LOAD projects/lab3/out/libs/lpc_open/lpc_chip_43xx/src/lcd_18xx_43xx.o
LOAD projects/lab3/out/libs/lpc_open/lpc_chip_43xx/src/uart_18xx_43xx.o
LOAD projects/lab3/out/libs/lpc_open/lpc_chip_43xx/src/adc_18xx_43xx.o
LOAD projects/lab3/out/libs/lpc_open/lpc_chip_43xx/src/stopwatch_18xx_43xx.o
LOAD projects/lab3/out/libs/lpc_open/lpc_chip_43xx/src/ring_buffer.o
LOAD projects/lab3/out/libs/lpc_open/lpc_chip_43xx/src/clock_18xx_43xx.o
LOAD projects/lab3/out/libs/lpc_open/lpc_chip_43xx/src/ccan_18xx_43xx.o
LOAD projects/lab3/out/libs/lpc_open/lpc_chip_43xx/src/sdif_18xx_43xx.o
LOAD projects/lab3/out/libs/lpc_open/lpc_chip_43xx/src/chip_18xx_43xx.o
LOAD projects/lab3/out/libs/lpc_open/lpc_chip_43xx/src/pmc_18xx_43xx.o
LOAD projects/lab3/out/libs/lpc_open/lpc_chip_43xx/src/otp_18xx_43xx.o
LOAD projects/lab3/out/libs/lpc_open/lpc_chip_43xx/src/aes_18xx_43xx.o
LOAD projects/lab3/out/libs/lpc_open/lpc_chip_43xx/src/sysinit_18xx_43xx.o
LOAD projects/lab3/out/libs/lpc_open/lpc_chip_43xx/src/atimer_18xx_43xx.o
LOAD projects/lab3/out/libs/lpc_open/lpc_chip_43xx/src/timer_18xx_43xx.o
LOAD projects/lab3/out/libs/lpc_open/lpc_chip_43xx/src/iap_18xx_43xx.o
LOAD projects/lab3/out/libs/lpc_open/lpc_chip_43xx/src/wwdt_18xx_43xx.o
LOAD projects/lab3/out/libs/lpc_open/lpc_chip_43xx/src/i2cm_18xx_43xx.o
LOAD projects/lab3/out/libs/lpc_open/lpc_chip_43xx/src/pinint_18xx_43xx.o
LOAD projects/lab3/out/libs/lpc_open/lpc_chip_43xx/src/sdio_18xx_43xx.o
LOAD projects/lab3/out/libs/lpc_open/lpc_chip_43xx/src/rtc_18xx_43xx.o
LOAD projects/lab3/out/libs/lpc_open/lpc_chip_43xx/src/sct_18xx_43xx.o
LOAD projects/lab3/out/libs/lpc_open/lpc_chip_43xx/src/spi_18xx_43xx.o
LOAD projects/lab3/out/libs/lpc_open/lpc_chip_43xx/src/eeprom_18xx_43xx.o
LOAD projects/lab3/out/libs/lpc_open/lpc_chip_43xx/src/gpio_18xx_43xx.o
LOAD projects/lab3/out/libs/lpc_open/lpc_chip_43xx/src/sdmmc_18xx_43xx.o
LOAD projects/lab3/out/libs/lpc_open/lpc_chip_43xx/src/gpdma_18xx_43xx.o
LOAD projects/lab3/out/libs/lpc_open/lpc_chip_43xx/src/evrt_18xx_43xx.o
LOAD projects/lab3/out/libs/lpc_open/lpc_chip_43xx/src/sct_pwm_18xx_43xx.o
LOAD projects/lab3/out/libs/lpc_open/lpc_chip_43xx/src/enet_18xx_43xx.o
LOAD projects/lab3/out/libs/lpc_open/lpc_chip_43xx/src/ssp_18xx_43xx.o
LOAD projects/lab3/out/libs/lpc_open/lpc_chip_43xx/src/i2c_18xx_43xx.o
LOAD projects/lab3/out/libs/lpc_open/lpc_startup/src/crp.o
LOAD projects/lab3/out/libs/lpc_open/lpc_startup/src/sysinit.o
LOAD projects/lab3/out/libs/lpc_open/lpc_startup/src/vendor_interrupt.o
END GROUP
LOAD /usr/lib/gcc/arm-none-eabi/4.9.3/../../../arm-none-eabi/lib/armv7e-m/fpu/libstdc++_nano.a
LOAD /usr/lib/gcc/arm-none-eabi/4.9.3/../../../arm-none-eabi/lib/armv7e-m/fpu/libm.a
START GROUP
LOAD /usr/lib/gcc/arm-none-eabi/4.9.3/armv7e-m/fpu/libgcc.a
LOAD /usr/lib/gcc/arm-none-eabi/4.9.3/../../../arm-none-eabi/lib/armv7e-m/fpu/libc_nano.a
END GROUP
START GROUP
LOAD /usr/lib/gcc/arm-none-eabi/4.9.3/armv7e-m/fpu/libgcc.a
LOAD /usr/lib/gcc/arm-none-eabi/4.9.3/../../../arm-none-eabi/lib/armv7e-m/fpu/libc_nano.a
END GROUP
                0x1a080000                __top_MFlashA512 = 0x1a080000
                0x1b080000                __top_MFlashB512 = 0x1b080000
                0x10008000                __top_RamLoc32 = 0x10008000
                0x1008a000                __top_RamLoc40 = 0x1008a000
                0x20008000                __top_RamAHB32 = 0x20008000
                0x2000c000                __top_RamAHB16 = 0x2000c000
                0x20010000                __top_RamAHB_ETB16 = 0x20010000
START GROUP
LOAD /usr/lib/gcc/arm-none-eabi/4.9.3/armv7e-m/fpu/libgcc.a
LOAD /usr/lib/gcc/arm-none-eabi/4.9.3/../../../arm-none-eabi/lib/armv7e-m/fpu/libc.a
LOAD /usr/lib/gcc/arm-none-eabi/4.9.3/../../../arm-none-eabi/lib/armv7e-m/fpu/libm.a
END GROUP

.text_Flash2    0x1b000000        0x0
 FILL mask 0xff
 *(.text_Flash2*)
 *(.text_MFlashB512*)
 *(.text.$Flash2*)
 *(.text.$MFlashB512*)
 *(.rodata.$Flash2*)
 *(.rodata.$MFlashB512*)

.text           0x1a000000     0x1e28
 FILL mask 0xff
                0x1a000000                __vectors_start__ = ABSOLUTE (.)
 *(.isr_vector)
 .isr_vector    0x1a000000       0x40 projects/lab3/out/libs/cmsis_core//src/armv7m_startup.o
                0x1a000000                g_pfnVectors
 *(.isr_vendor_vector)
 .isr_vendor_vector
                0x1a000040       0xd4 projects/lab3/out/libs/lpc_open/lpc_startup/src/vendor_interrupt.o
                0x1a000040                g_pfnVendorVectors
                0x1a000114                . = ALIGN (0x4)
                0x1a000114                __section_table_start = .
                0x1a000114                __data_section_table = .
                0x1a000114        0x4 LONG 0x1a001e34 LOADADDR (.data)
                0x1a000118        0x4 LONG 0x10000000 ADDR (.data)
                0x1a00011c        0x4 LONG 0x80 SIZEOF (.data)
                0x1a000120        0x4 LONG 0x1a001e34 LOADADDR (.data_RAM2)
                0x1a000124        0x4 LONG 0x10080000 ADDR (.data_RAM2)
                0x1a000128        0x4 LONG 0x0 SIZEOF (.data_RAM2)
                0x1a00012c        0x4 LONG 0x1a001e34 LOADADDR (.data_RAM3)
                0x1a000130        0x4 LONG 0x20000000 ADDR (.data_RAM3)
                0x1a000134        0x4 LONG 0x0 SIZEOF (.data_RAM3)
                0x1a000138        0x4 LONG 0x1a001e34 LOADADDR (.data_RAM4)
                0x1a00013c        0x4 LONG 0x20008000 ADDR (.data_RAM4)
                0x1a000140        0x4 LONG 0x0 SIZEOF (.data_RAM4)
                0x1a000144        0x4 LONG 0x1a001e34 LOADADDR (.data_RAM5)
                0x1a000148        0x4 LONG 0x2000c000 ADDR (.data_RAM5)
                0x1a00014c        0x4 LONG 0x0 SIZEOF (.data_RAM5)
                0x1a000150                __data_section_table_end = .
                0x1a000150                __bss_section_table = .
                0x1a000150        0x4 LONG 0x10000080 ADDR (.bss)
                0x1a000154        0x4 LONG 0x30 SIZEOF (.bss)
                0x1a000158        0x4 LONG 0x10080000 ADDR (.bss_RAM2)
                0x1a00015c        0x4 LONG 0x0 SIZEOF (.bss_RAM2)
                0x1a000160        0x4 LONG 0x20000000 ADDR (.bss_RAM3)
                0x1a000164        0x4 LONG 0x0 SIZEOF (.bss_RAM3)
                0x1a000168        0x4 LONG 0x20008000 ADDR (.bss_RAM4)
                0x1a00016c        0x4 LONG 0x0 SIZEOF (.bss_RAM4)
                0x1a000170        0x4 LONG 0x2000c000 ADDR (.bss_RAM5)
                0x1a000174        0x4 LONG 0x0 SIZEOF (.bss_RAM5)
                0x1a000178                __bss_section_table_end = .
                0x1a000178                __section_table_end = .
 *(.after_vectors*)
 .after_vectors
                0x1a000178       0x54 projects/lab3/out/libs/cmsis_core//src/armv7m_startup.o
                0x1a000178                NMI_Handler
                0x1a00017c                HardFault_Handler
                0x1a000180                MemManage_Handler
                0x1a000184                BusFault_Handler
                0x1a000188                UsageFault_Handler
                0x1a00018c                SVC_Handler
                0x1a000190                DebugMon_Handler
                0x1a000194                PendSV_Handler
                0x1a000198                SysTick_Handler
                0x1a00019c                data_init
                0x1a0001b8                bss_init
 .after_vectors
                0x1a0001cc        0x4 projects/lab3/out/libs/lpc_open/lpc_startup/src/vendor_interrupt.o
                0x1a0001cc                TIMER2_IRQHandler
                0x1a0001cc                RIT_IRQHandler
                0x1a0001cc                ADCHS_IRQHandler
                0x1a0001cc                FLASH_EEPROM_IRQHandler
                0x1a0001cc                I2C0_IRQHandler
                0x1a0001cc                SDIO_IRQHandler
                0x1a0001cc                ATIMER_IRQHandler
                0x1a0001cc                I2C1_IRQHandler
                0x1a0001cc                UART1_IRQHandler
                0x1a0001cc                GPIO5_IRQHandler
                0x1a0001cc                CAN1_IRQHandler
                0x1a0001cc                USB1_IRQHandler
                0x1a0001cc                I2S0_IRQHandler
                0x1a0001cc                TIMER3_IRQHandler
                0x1a0001cc                UART0_IRQHandler
                0x1a0001cc                SGPIO_IRQHandler
                0x1a0001cc                ADC0_IRQHandler
                0x1a0001cc                GPIO6_IRQHandler
                0x1a0001cc                IntDefaultHandler
                0x1a0001cc                SSP0_IRQHandler
                0x1a0001cc                ADC1_IRQHandler
                0x1a0001cc                RTC_IRQHandler
                0x1a0001cc                TIMER0_IRQHandler
                0x1a0001cc                SPI_IRQHandler
                0x1a0001cc                LCD_IRQHandler
                0x1a0001cc                TIMER1_IRQHandler
                0x1a0001cc                UART2_IRQHandler
                0x1a0001cc                I2S1_IRQHandler
                0x1a0001cc                SSP1_IRQHandler
                0x1a0001cc                SCT_IRQHandler
                0x1a0001cc                WDT_IRQHandler
                0x1a0001cc                GPIO7_IRQHandler
                0x1a0001cc                SPIFI_IRQHandler
                0x1a0001cc                QEI_IRQHandler
                0x1a0001cc                ETH_IRQHandler
                0x1a0001cc                CAN0_IRQHandler
                0x1a0001cc                GINT0_IRQHandler
                0x1a0001cc                DAC_IRQHandler
                0x1a0001cc                M0SUB_IRQHandler
                0x1a0001cc                DMA_IRQHandler
                0x1a0001cc                EVRT_IRQHandler
                0x1a0001cc                UART3_IRQHandler
                0x1a0001cc                MCPWM_IRQHandler
                0x1a0001cc                M0APP_IRQHandler
                0x1a0001cc                GINT1_IRQHandler
                0x1a0001cc                GPIO4_IRQHandler
                0x000002fc                . = 0x2fc
 *fill*         0x1a0001d0      0x12c ff
                0x1a0002fc                PROVIDE (__CRP_WORD_START__, .)
 *(.crp)
 .crp           0x1a0002fc        0x4 projects/lab3/out/libs/lpc_open/lpc_startup/src/crp.o
                0x1a0002fc                CRP_WORD
                0x1a000300                PROVIDE (__CRP_WORD_END__, .)
                0x00000001                ASSERT (! ((__CRP_WORD_START__ == __CRP_WORD_END__)), Linker CRP Enabled, but no CRP_WORD provided within application)
 *(.text*)
 .text.EP0_patch
                0x1a000300       0x38 projects/lab3/out/projects/lab3/src/hid_main.o
                0x1a000300                EP0_patch
 .text.USB0_IRQHandler
                0x1a000338       0x1c projects/lab3/out/projects/lab3/src/hid_main.o
                0x1a000338                USB0_IRQHandler
 .text.main     0x1a000354       0xc8 projects/lab3/out/projects/lab3/src/hid_main.o
                0x1a000354                main
 .text.Keyboard_EpIN_Hdlr
                0x1a00041c       0x14 projects/lab3/out/projects/lab3/src/hid_keyboard.o
 .text.Keyboard_UpdateReport
                0x1a000430       0x70 projects/lab3/out/projects/lab3/src/hid_keyboard.o
 .text.Keyboard_SetReport
                0x1a0004a0       0x44 projects/lab3/out/projects/lab3/src/hid_keyboard.o
 .text.Keyboard_GetReport
                0x1a0004e4       0x38 projects/lab3/out/projects/lab3/src/hid_keyboard.o
 .text.Buttons_Init
                0x1a00051c       0xf8 projects/lab3/out/projects/lab3/src/hid_keyboard.o
                0x1a00051c                Buttons_Init
 .text.GPIO0_IRQHandler
                0x1a000614       0x1c projects/lab3/out/projects/lab3/src/hid_keyboard.o
                0x1a000614                GPIO0_IRQHandler
 .text.GPIO1_IRQHandler
                0x1a000630       0x1c projects/lab3/out/projects/lab3/src/hid_keyboard.o
                0x1a000630                GPIO1_IRQHandler
 .text.GPIO2_IRQHandler
                0x1a00064c       0x1c projects/lab3/out/projects/lab3/src/hid_keyboard.o
                0x1a00064c                GPIO2_IRQHandler
 .text.GPIO3_IRQHandler
                0x1a000668       0x1c projects/lab3/out/projects/lab3/src/hid_keyboard.o
                0x1a000668                GPIO3_IRQHandler
 .text.Keyboard_init
                0x1a000684       0xb8 projects/lab3/out/projects/lab3/src/hid_keyboard.o
                0x1a000684                Keyboard_init
 .text.Keyboard_Tasks
                0x1a00073c       0x44 projects/lab3/out/projects/lab3/src/hid_keyboard.o
                0x1a00073c                Keyboard_Tasks
 .text.initialise_monitor_handles
                0x1a000780        0x4 projects/lab3/out/libs/cmsis_core//src/armv7m_startup.o
                0x1a000780                initialise_monitor_handles
 .text.Reset_Handler
                0x1a000784       0x88 projects/lab3/out/libs/cmsis_core//src/armv7m_startup.o
                0x1a000784                Reset_Handler
 .text._fini    0x1a00080c        0x4 projects/lab3/out/libs/cmsis_core//src/armv7m_startup.o
                0x1a00080c                _fini
 .text._init    0x1a000810        0x4 projects/lab3/out/libs/cmsis_core//src/armv7m_startup.o
                0x1a000810                _init
 .text.Board_LED_Init
                0x1a000814       0x40 projects/lab3/out/libs/lpc_open/boards/edu_ciaa_nxp/src/board.o
 .text.Board_TEC_Init
                0x1a000854       0x3c projects/lab3/out/libs/lpc_open/boards/edu_ciaa_nxp/src/board.o
 .text.Board_GPIO_Init
                0x1a000890       0x3c projects/lab3/out/libs/lpc_open/boards/edu_ciaa_nxp/src/board.o
 .text.Board_ADC_Init
                0x1a0008cc       0x30 projects/lab3/out/libs/lpc_open/boards/edu_ciaa_nxp/src/board.o
 .text.Board_SPI_Init
                0x1a0008fc       0x38 projects/lab3/out/libs/lpc_open/boards/edu_ciaa_nxp/src/board.o
 .text.Board_I2C_Init
                0x1a000934       0x24 projects/lab3/out/libs/lpc_open/boards/edu_ciaa_nxp/src/board.o
 .text.Board_Debug_Init
                0x1a000958       0x24 projects/lab3/out/libs/lpc_open/boards/edu_ciaa_nxp/src/board.o
                0x1a000958                Board_Debug_Init
 .text.Board_LED_Set
                0x1a00097c       0x24 projects/lab3/out/libs/lpc_open/boards/edu_ciaa_nxp/src/board.o
                0x1a00097c                Board_LED_Set
 .text.Board_Init
                0x1a0009a0       0x2c projects/lab3/out/libs/lpc_open/boards/edu_ciaa_nxp/src/board.o
                0x1a0009a0                Board_Init
 .text.__stdio_init
                0x1a0009cc        0x8 projects/lab3/out/libs/lpc_open/boards/edu_ciaa_nxp/src/board.o
                0x1a0009cc                __stdio_init
 .text.Board_SetupMuxing
                0x1a0009d4       0x34 projects/lab3/out/libs/lpc_open/boards/edu_ciaa_nxp/src/board_sysinit.o
                0x1a0009d4                Board_SetupMuxing
 .text.Board_SetupClocking
                0x1a000a08       0x6c projects/lab3/out/libs/lpc_open/boards/edu_ciaa_nxp/src/board_sysinit.o
                0x1a000a08                Board_SetupClocking
 .text.Board_SystemInit
                0x1a000a74        0xc projects/lab3/out/libs/lpc_open/boards/edu_ciaa_nxp/src/board_sysinit.o
                0x1a000a74                Board_SystemInit
 .text.Chip_UART_GetIndex
                0x1a000a80       0x2c projects/lab3/out/libs/lpc_open/lpc_chip_43xx/src/uart_18xx_43xx.o
 .text.Chip_UART_Init
                0x1a000aac       0x54 projects/lab3/out/libs/lpc_open/lpc_chip_43xx/src/uart_18xx_43xx.o
                0x1a000aac                Chip_UART_Init
 .text.Chip_UART_SetBaudFDR
                0x1a000b00       0xe4 projects/lab3/out/libs/lpc_open/lpc_chip_43xx/src/uart_18xx_43xx.o
                0x1a000b00                Chip_UART_SetBaudFDR
 .text.Chip_ADC_GetClockIndex
                0x1a000be4       0x14 projects/lab3/out/libs/lpc_open/lpc_chip_43xx/src/adc_18xx_43xx.o
 .text.getClkDiv
                0x1a000bf8       0x30 projects/lab3/out/libs/lpc_open/lpc_chip_43xx/src/adc_18xx_43xx.o
 .text.Chip_ADC_Init
                0x1a000c28       0x40 projects/lab3/out/libs/lpc_open/lpc_chip_43xx/src/adc_18xx_43xx.o
                0x1a000c28                Chip_ADC_Init
 .text.Chip_ADC_SetSampleRate
                0x1a000c68       0x34 projects/lab3/out/libs/lpc_open/lpc_chip_43xx/src/adc_18xx_43xx.o
                0x1a000c68                Chip_ADC_SetSampleRate
 .text.Chip_ADC_SetResolution
                0x1a000c9c        0xc projects/lab3/out/libs/lpc_open/lpc_chip_43xx/src/adc_18xx_43xx.o
                0x1a000c9c                Chip_ADC_SetResolution
 .text.pll_calc_divs
                0x1a000ca8       0xa8 projects/lab3/out/libs/lpc_open/lpc_chip_43xx/src/clock_18xx_43xx.o
 .text.pll_get_frac
                0x1a000d50      0x104 projects/lab3/out/libs/lpc_open/lpc_chip_43xx/src/clock_18xx_43xx.o
 .text.Chip_Clock_FindBaseClock
                0x1a000e54       0x48 projects/lab3/out/libs/lpc_open/lpc_chip_43xx/src/clock_18xx_43xx.o
 .text.Chip_Clock_EnableCrystal
                0x1a000e9c       0x4c projects/lab3/out/libs/lpc_open/lpc_chip_43xx/src/clock_18xx_43xx.o
                0x1a000e9c                Chip_Clock_EnableCrystal
 .text.Chip_Clock_GetDividerSource
                0x1a000ee8       0x1c projects/lab3/out/libs/lpc_open/lpc_chip_43xx/src/clock_18xx_43xx.o
                0x1a000ee8                Chip_Clock_GetDividerSource
 .text.Chip_Clock_GetDividerDivisor
                0x1a000f04       0x1c projects/lab3/out/libs/lpc_open/lpc_chip_43xx/src/clock_18xx_43xx.o
                0x1a000f04                Chip_Clock_GetDividerDivisor
 .text.Chip_Clock_GetClockInputHz
                0x1a000f20       0xb8 projects/lab3/out/libs/lpc_open/lpc_chip_43xx/src/clock_18xx_43xx.o
                0x1a000f20                Chip_Clock_GetClockInputHz
 .text.Chip_Clock_CalcMainPLLValue
                0x1a000fd8       0x80 projects/lab3/out/libs/lpc_open/lpc_chip_43xx/src/clock_18xx_43xx.o
                0x1a000fd8                Chip_Clock_CalcMainPLLValue
 .text.Chip_Clock_GetMainPLLHz
                0x1a001058       0x68 projects/lab3/out/libs/lpc_open/lpc_chip_43xx/src/clock_18xx_43xx.o
                0x1a001058                Chip_Clock_GetMainPLLHz
 .text.Chip_Clock_GetDivRate
                0x1a0010c0       0x24 projects/lab3/out/libs/lpc_open/lpc_chip_43xx/src/clock_18xx_43xx.o
 .text.Chip_Clock_SetBaseClock
                0x1a0010e4       0x44 projects/lab3/out/libs/lpc_open/lpc_chip_43xx/src/clock_18xx_43xx.o
                0x1a0010e4                Chip_Clock_SetBaseClock
 .text.Chip_Clock_EnableBaseClock
                0x1a001128       0x18 projects/lab3/out/libs/lpc_open/lpc_chip_43xx/src/clock_18xx_43xx.o
                0x1a001128                Chip_Clock_EnableBaseClock
 .text.Chip_Clock_GetBaseClock
                0x1a001140       0x24 projects/lab3/out/libs/lpc_open/lpc_chip_43xx/src/clock_18xx_43xx.o
                0x1a001140                Chip_Clock_GetBaseClock
 .text.Chip_Clock_GetBaseClocktHz
                0x1a001164        0xc projects/lab3/out/libs/lpc_open/lpc_chip_43xx/src/clock_18xx_43xx.o
                0x1a001164                Chip_Clock_GetBaseClocktHz
 .text.Chip_Clock_EnableOpts
                0x1a001170       0x3c projects/lab3/out/libs/lpc_open/lpc_chip_43xx/src/clock_18xx_43xx.o
                0x1a001170                Chip_Clock_EnableOpts
 .text.Chip_Clock_Enable
                0x1a0011ac       0x34 projects/lab3/out/libs/lpc_open/lpc_chip_43xx/src/clock_18xx_43xx.o
                0x1a0011ac                Chip_Clock_Enable
 .text.Chip_Clock_GetRate
                0x1a0011e0       0x4c projects/lab3/out/libs/lpc_open/lpc_chip_43xx/src/clock_18xx_43xx.o
                0x1a0011e0                Chip_Clock_GetRate
 .text.Chip_Clock_SetupPLL
                0x1a00122c       0x40 projects/lab3/out/libs/lpc_open/lpc_chip_43xx/src/clock_18xx_43xx.o
                0x1a00122c                Chip_Clock_SetupPLL
 .text.Chip_Clock_EnablePLL
                0x1a00126c       0x14 projects/lab3/out/libs/lpc_open/lpc_chip_43xx/src/clock_18xx_43xx.o
                0x1a00126c                Chip_Clock_EnablePLL
 .text.Chip_Clock_GetPLLStatus
                0x1a001280        0xc projects/lab3/out/libs/lpc_open/lpc_chip_43xx/src/clock_18xx_43xx.o
                0x1a001280                Chip_Clock_GetPLLStatus
 .text.Chip_USB_PllSetup
                0x1a00128c       0x34 projects/lab3/out/libs/lpc_open/lpc_chip_43xx/src/chip_18xx_43xx.o
 .text.Chip_USB0_Init
                0x1a0012c0       0x34 projects/lab3/out/libs/lpc_open/lpc_chip_43xx/src/chip_18xx_43xx.o
                0x1a0012c0                Chip_USB0_Init
 .text.SystemCoreClockUpdate
                0x1a0012f4       0x14 projects/lab3/out/libs/lpc_open/lpc_chip_43xx/src/chip_18xx_43xx.o
                0x1a0012f4                SystemCoreClockUpdate
 .text.Chip_SetupCoreClock
                0x1a001308      0x150 projects/lab3/out/libs/lpc_open/lpc_chip_43xx/src/sysinit_18xx_43xx.o
                0x1a001308                Chip_SetupCoreClock
 .text.Chip_GPIO_Init
                0x1a001458        0x4 projects/lab3/out/libs/lpc_open/lpc_chip_43xx/src/gpio_18xx_43xx.o
                0x1a001458                Chip_GPIO_Init
 .text.Chip_SSP_GetClockIndex
                0x1a00145c       0x14 projects/lab3/out/libs/lpc_open/lpc_chip_43xx/src/ssp_18xx_43xx.o
 .text.Chip_SSP_GetPeriphClockIndex
                0x1a001470       0x18 projects/lab3/out/libs/lpc_open/lpc_chip_43xx/src/ssp_18xx_43xx.o
 .text.Chip_SSP_SetClockRate
                0x1a001488       0x14 projects/lab3/out/libs/lpc_open/lpc_chip_43xx/src/ssp_18xx_43xx.o
                0x1a001488                Chip_SSP_SetClockRate
 .text.Chip_SSP_SetBitRate
                0x1a00149c       0x40 projects/lab3/out/libs/lpc_open/lpc_chip_43xx/src/ssp_18xx_43xx.o
                0x1a00149c                Chip_SSP_SetBitRate
 .text.Chip_SSP_Init
                0x1a0014dc       0x38 projects/lab3/out/libs/lpc_open/lpc_chip_43xx/src/ssp_18xx_43xx.o
                0x1a0014dc                Chip_SSP_Init
 .text.Chip_I2C_EventHandler
                0x1a001514       0x20 projects/lab3/out/libs/lpc_open/lpc_chip_43xx/src/i2c_18xx_43xx.o
                0x1a001514                Chip_I2C_EventHandler
 .text.Chip_I2C_Init
                0x1a001534       0x24 projects/lab3/out/libs/lpc_open/lpc_chip_43xx/src/i2c_18xx_43xx.o
                0x1a001534                Chip_I2C_Init
 .text.Chip_I2C_SetClockRate
                0x1a001558       0x30 projects/lab3/out/libs/lpc_open/lpc_chip_43xx/src/i2c_18xx_43xx.o
                0x1a001558                Chip_I2C_SetClockRate
 .text.SystemInit
                0x1a001588       0x40 projects/lab3/out/libs/lpc_open/lpc_startup/src/sysinit.o
                0x1a001588                SystemInit
 .text          0x1a0015c8       0x30 /usr/lib/gcc/arm-none-eabi/4.9.3/armv7e-m/fpu/libgcc.a(_aeabi_uldivmod.o)
                0x1a0015c8                __aeabi_uldivmod
 .text          0x1a0015f8       0x60 /usr/lib/gcc/arm-none-eabi/4.9.3/armv7e-m/fpu/libgcc.a(bpabi.o)
                0x1a0015f8                __gnu_ldivmod_helper
                0x1a001628                __gnu_uldivmod_helper
 .text          0x1a001658        0x4 /usr/lib/gcc/arm-none-eabi/4.9.3/armv7e-m/fpu/libgcc.a(_dvmd_tls.o)
                0x1a001658                __aeabi_ldiv0
                0x1a001658                __aeabi_idiv0
 .text          0x1a00165c      0x29c /usr/lib/gcc/arm-none-eabi/4.9.3/armv7e-m/fpu/libgcc.a(_divdi3.o)
                0x1a00165c                __divdi3
 .text          0x1a0018f8      0x26c /usr/lib/gcc/arm-none-eabi/4.9.3/armv7e-m/fpu/libgcc.a(_udivdi3.o)
                0x1a0018f8                __udivdi3
 .text.__libc_init_array
                0x1a001b64       0x4c /usr/lib/gcc/arm-none-eabi/4.9.3/../../../arm-none-eabi/lib/armv7e-m/fpu/libc_nano.a(lib_a-init.o)
                0x1a001b64                __libc_init_array
 .text.memset   0x1a001bb0       0x10 /usr/lib/gcc/arm-none-eabi/4.9.3/../../../arm-none-eabi/lib/armv7e-m/fpu/libc_nano.a(lib_a-memset.o)
                0x1a001bb0                memset
 *(.rodata .rodata.* .constdata .constdata.*)
 .rodata.USB_DeviceQualifier
                0x1a001bc0        0xa projects/lab3/out/projects/lab3/src/hid_desc.o
                0x1a001bc0                USB_DeviceQualifier
 .rodata.Keyboard_ReportDescSize
                0x1a001bca        0x2 projects/lab3/out/projects/lab3/src/hid_desc.o
                0x1a001bca                Keyboard_ReportDescSize
 .rodata.USB_StringDescriptor
                0x1a001bcc       0x7c projects/lab3/out/projects/lab3/src/hid_desc.o
                0x1a001bcc                USB_StringDescriptor
 .rodata.Keyboard_ReportDescriptor
                0x1a001c48       0x3f projects/lab3/out/projects/lab3/src/hid_desc.o
                0x1a001c48                Keyboard_ReportDescriptor
 *fill*         0x1a001c87        0x1 ff
 .rodata.USB_DeviceDescriptor
                0x1a001c88       0x12 projects/lab3/out/projects/lab3/src/hid_desc.o
                0x1a001c88                USB_DeviceDescriptor
 *fill*         0x1a001c9a        0x2 ff
 .rodata.GpioPorts
                0x1a001c9c       0x12 projects/lab3/out/libs/lpc_open/boards/edu_ciaa_nxp/src/board.o
 *fill*         0x1a001cae        0x2 ff
 .rodata.OscRateIn
                0x1a001cb0        0x4 projects/lab3/out/libs/lpc_open/boards/edu_ciaa_nxp/src/board.o
                0x1a001cb0                OscRateIn
 .rodata.ExtRateIn
                0x1a001cb4        0x4 projects/lab3/out/libs/lpc_open/boards/edu_ciaa_nxp/src/board.o
                0x1a001cb4                ExtRateIn
 .rodata.GpioButtons
                0x1a001cb8        0x8 projects/lab3/out/libs/lpc_open/boards/edu_ciaa_nxp/src/board.o
 .rodata.GpioLeds
                0x1a001cc0        0xc projects/lab3/out/libs/lpc_open/boards/edu_ciaa_nxp/src/board.o
 .rodata.InitClkStates
                0x1a001ccc        0x4 projects/lab3/out/libs/lpc_open/boards/edu_ciaa_nxp/src/board_sysinit.o
 .rodata.pinmuxing
                0x1a001cd0       0x74 projects/lab3/out/libs/lpc_open/boards/edu_ciaa_nxp/src/board_sysinit.o
 .rodata.UART_BClock
                0x1a001d44        0x8 projects/lab3/out/libs/lpc_open/lpc_chip_43xx/src/uart_18xx_43xx.o
 .rodata.UART_PClock
                0x1a001d4c        0x8 projects/lab3/out/libs/lpc_open/lpc_chip_43xx/src/uart_18xx_43xx.o
 .rodata        0x1a001d54        0x4 projects/lab3/out/libs/lpc_open/lpc_chip_43xx/src/clock_18xx_43xx.o
 .rodata.str1.4
                0x1a001d58        0x8 projects/lab3/out/libs/lpc_open/lpc_chip_43xx/src/clock_18xx_43xx.o
                                  0x6 (size before relaxing)
 .rodata.periph_to_base
                0x1a001d60       0x6c projects/lab3/out/libs/lpc_open/lpc_chip_43xx/src/clock_18xx_43xx.o
 .rodata.usbPLLSetup
                0x1a001dcc       0x14 projects/lab3/out/libs/lpc_open/lpc_chip_43xx/src/chip_18xx_43xx.o
 .rodata.InitClkStates
                0x1a001de0       0x48 projects/lab3/out/libs/lpc_open/lpc_chip_43xx/src/sysinit_18xx_43xx.o
                0x1a001e28                . = ALIGN (0x4)

.glue_7         0x1a001e28        0x0
 .glue_7        0x1a001e28        0x0 linker stubs

.glue_7t        0x1a001e28        0x0
 .glue_7t       0x1a001e28        0x0 linker stubs

.vfp11_veneer   0x1a001e28        0x0
 .vfp11_veneer  0x1a001e28        0x0 linker stubs

.v4_bx          0x1a001e28        0x0
 .v4_bx         0x1a001e28        0x0 linker stubs

.iplt           0x1a001e28        0x0
 .iplt          0x1a001e28        0x0 projects/lab3/out/projects/lab3/src/hid_main.o
                0x1a001e28                . = ALIGN (0x4)

.preinit_array  0x1a001e28        0x0
                0x1a001e28                PROVIDE (__preinit_array_start, .)
 *(.preinit_array*)
                0x1a001e28                PROVIDE (__preinit_array_end, .)

.init_array     0x1a001e28        0x4
                0x1a001e28                PROVIDE (__init_array_start, .)
 *(SORT(.init_array.*))
 *(.init_array*)
 .init_array    0x1a001e28        0x4 projects/lab3/out/libs/sys_newlib//src/system.o
                0x1a001e2c                PROVIDE (__init_array_end, .)
                0x1a001e2c                . = ALIGN (0x4)

.ARM.extab
 *(.ARM.extab* .gnu.linkonce.armextab.*)
                0x1a001e2c                __exidx_start = .

.ARM.exidx      0x1a001e2c        0x8
 *(.ARM.exidx* .gnu.linkonce.armexidx.*)
 .ARM.exidx     0x1a001e2c        0x8 /usr/lib/gcc/arm-none-eabi/4.9.3/armv7e-m/fpu/libgcc.a(_divdi3.o)
 .ARM.exidx     0x1a001e34        0x0 /usr/lib/gcc/arm-none-eabi/4.9.3/armv7e-m/fpu/libgcc.a(_udivdi3.o)
                                  0x8 (size before relaxing)
                0x1a001e34                __exidx_end = .
                0x1a001e34                _etext = .

.rel.dyn        0x1a001e34        0x0
 .rel.iplt      0x1a001e34        0x0 projects/lab3/out/projects/lab3/src/hid_main.o

.data_RAM2      0x10080000        0x0 load address 0x1a001e34
 FILL mask 0xff
 *(.ramfunc.$RAM2)
 *(.ramfunc.$RamLoc40)
 *(.data.$RAM2*)
 *(.data.$RamLoc40*)
                0x10080000                . = ALIGN (0x4)

.data_RAM3      0x20000000        0x0 load address 0x1a001e34
 FILL mask 0xff
 *(.ramfunc.$RAM3)
 *(.ramfunc.$RamAHB32)
 *(.data.$RAM3*)
 *(.data.$RamAHB32*)
                0x20000000                . = ALIGN (0x4)

.data_RAM4      0x20008000        0x0 load address 0x1a001e34
 FILL mask 0xff
 *(.ramfunc.$RAM4)
 *(.ramfunc.$RamAHB16)
 *(.data.$RAM4*)
 *(.data.$RamAHB16*)
                0x20008000                . = ALIGN (0x4)

.data_RAM5      0x2000c000        0x0 load address 0x1a001e34
 FILL mask 0xff
 *(.ramfunc.$RAM5)
 *(.ramfunc.$RamAHB_ETB16)
 *(.data.$RAM5*)
 *(.data.$RamAHB_ETB16*)
                0x2000c000                . = ALIGN (0x4)

.uninit_RESERVED
                0x10000000        0x0
 *(.bss.$RESERVED*)
                0x10000000                . = ALIGN (0x4)
                0x10000000                _end_uninit_RESERVED = .

.data           0x10000000       0x80 load address 0x1a001e34
 FILL mask 0xff
                0x10000000                _data = .
 *(vtable)
 *(.ramfunc*)
 *(.data*)
 .data.USB_HsConfigDescriptor
                0x10000000       0x23 projects/lab3/out/projects/lab3/src/hid_desc.o
                0x10000000                USB_HsConfigDescriptor
 *fill*         0x10000023        0x1 ff
 .data.USB_FsConfigDescriptor
                0x10000024       0x23 projects/lab3/out/projects/lab3/src/hid_desc.o
                0x10000024                USB_FsConfigDescriptor
 *fill*         0x10000047        0x1 ff
 .data.i2c      0x10000048       0x38 projects/lab3/out/libs/lpc_open/lpc_chip_43xx/src/i2c_18xx_43xx.o
                0x10000080                . = ALIGN (0x4)
                0x10000080                _edata = .

.igot.plt       0x10000080        0x0 load address 0x1a001eb4
 .igot.plt      0x10000080        0x0 projects/lab3/out/projects/lab3/src/hid_main.o

.bss_RAM2       0x10080000        0x0
 *(.bss.$RAM2*)
 *(.bss.$RamLoc40*)
                0x10080000                . = ALIGN (0x4)

.bss_RAM3       0x20000000        0x0
 *(.bss.$RAM3*)
 *(.bss.$RamAHB32*)
                0x20000000                . = ALIGN (0x4)

.bss_RAM4       0x20008000        0x0
 *(.bss.$RAM4*)
 *(.bss.$RamAHB16*)
                0x20008000                . = ALIGN (0x4)

.bss_RAM5       0x2000c000        0x0
 *(.bss.$RAM5*)
 *(.bss.$RamAHB_ETB16*)
                0x2000c000                . = ALIGN (0x4)

.bss            0x10000080       0x30
                0x10000080                _bss = .
 *(.bss*)
 .bss.g_ep0RxBusy
                0x10000080        0x4 projects/lab3/out/projects/lab3/src/hid_main.o
 .bss.g_Ep0BaseHdlr
                0x10000084        0x4 projects/lab3/out/projects/lab3/src/hid_main.o
 .bss.g_hUsb    0x10000088        0x4 projects/lab3/out/projects/lab3/src/hid_main.o
 .bss.g_keyBoard
                0x1000008c       0x10 projects/lab3/out/projects/lab3/src/hid_keyboard.o
 .bss.presionadas
                0x1000009c        0x1 projects/lab3/out/projects/lab3/src/hid_keyboard.o
 *fill*         0x1000009d        0x3 
 .bss.audio_usb_pll_freq
                0x100000a0        0x8 projects/lab3/out/libs/lpc_open/lpc_chip_43xx/src/clock_18xx_43xx.o
 *(COMMON)
 COMMON         0x100000a8        0x4 projects/lab3/out/projects/lab3/src/hid_main.o
                0x100000a8                g_pUsbApi
 COMMON         0x100000ac        0x4 projects/lab3/out/libs/lpc_open/lpc_chip_43xx/src/chip_18xx_43xx.o
                0x100000ac                SystemCoreClock
                0x100000b0                . = ALIGN (0x4)
                0x100000b0                _ebss = .
                [!provide]                PROVIDE (end, .)

.noinit_RAM2    0x10080000        0x0
 *(.noinit.$RAM2*)
 *(.noinit.$RamLoc40*)
                0x10080000                . = ALIGN (0x4)

.noinit_RAM3    0x20000000        0x0
 *(.noinit.$RAM3*)
 *(.noinit.$RamAHB32*)
                0x20000000                . = ALIGN (0x4)

.noinit_RAM4    0x20008000        0x0
 *(.noinit.$RAM4*)
 *(.noinit.$RamAHB16*)
                0x20008000                . = ALIGN (0x4)

.noinit_RAM5    0x2000c000        0x0
 *(.noinit.$RAM5*)
 *(.noinit.$RamAHB_ETB16*)
                0x2000c000                . = ALIGN (0x4)

.noinit         0x100000b0        0x0
                0x100000b0                _noinit = .
 *(.noinit*)
                0x100000b0                . = ALIGN (0x4)
                0x100000b0                _end_noinit = .
                0x100000b0                PROVIDE (_pvHeapStart, .)
                0x10008000                PROVIDE (_vStackTop, (__top_RamLoc32 - 0x0))
                0x53ff70f6                PROVIDE (__valid_user_code_checksum, (0x0 - ((((((_vStackTop + (Reset_Handler + 0x1)) + (NMI_Handler + 0x1)) + (HardFault_Handler + 0x1)) + (DEFINED (MemManage_Handler)?MemManage_Handler:0x0 + 0x1)) + (DEFINED (BusFault_Handler)?BusFault_Handler:0x0 + 0x1)) + (DEFINED (UsageFault_Handler)?UsageFault_Handler:0x0 + 0x1))))
OUTPUT(projects/lab3/out/lab3.elf elf32-littlearm)

.debug_info     0x00000000    0x11fa5
 .debug_info    0x00000000     0x26ba projects/lab3/out/projects/lab3/src/hid_main.o
 .debug_info    0x000026ba     0x2e0a projects/lab3/out/projects/lab3/src/hid_keyboard.o
 .debug_info    0x000054c4      0x189 projects/lab3/out/projects/lab3/src/hid_desc.o
 .debug_info    0x0000564d      0x2f7 projects/lab3/out/libs/cmsis_core//src/armv7m_startup.o
 .debug_info    0x00005944      0xef1 projects/lab3/out/libs/sys_newlib//src/system.o
 .debug_info    0x00006835     0x19ef projects/lab3/out/libs/lpc_open/boards/edu_ciaa_nxp/src/board.o
 .debug_info    0x00008224      0xca4 projects/lab3/out/libs/lpc_open/boards/edu_ciaa_nxp/src/board_sysinit.o
 .debug_info    0x00008ec8     0x1687 projects/lab3/out/libs/lpc_open/lpc_chip_43xx/src/uart_18xx_43xx.o
 .debug_info    0x0000a54f      0xae4 projects/lab3/out/libs/lpc_open/lpc_chip_43xx/src/adc_18xx_43xx.o
 .debug_info    0x0000b033     0x18f5 projects/lab3/out/libs/lpc_open/lpc_chip_43xx/src/clock_18xx_43xx.o
 .debug_info    0x0000c928      0xcc4 projects/lab3/out/libs/lpc_open/lpc_chip_43xx/src/chip_18xx_43xx.o
 .debug_info    0x0000d5ec      0xa9d projects/lab3/out/libs/lpc_open/lpc_chip_43xx/src/sysinit_18xx_43xx.o
 .debug_info    0x0000e089      0x212 projects/lab3/out/libs/lpc_open/lpc_chip_43xx/src/gpio_18xx_43xx.o
 .debug_info    0x0000e29b     0x15b2 projects/lab3/out/libs/lpc_open/lpc_chip_43xx/src/ssp_18xx_43xx.o
 .debug_info    0x0000f84d     0x1345 projects/lab3/out/libs/lpc_open/lpc_chip_43xx/src/i2c_18xx_43xx.o
 .debug_info    0x00010b92       0x3f projects/lab3/out/libs/lpc_open/lpc_startup/src/crp.o
 .debug_info    0x00010bd1      0x373 projects/lab3/out/libs/lpc_open/lpc_startup/src/sysinit.o
 .debug_info    0x00010f44       0x6f projects/lab3/out/libs/lpc_open/lpc_startup/src/vendor_interrupt.o
 .debug_info    0x00010fb3       0xbd /usr/lib/gcc/arm-none-eabi/4.9.3/armv7e-m/fpu/libgcc.a(_aeabi_uldivmod.o)
 .debug_info    0x00011070      0x164 /usr/lib/gcc/arm-none-eabi/4.9.3/armv7e-m/fpu/libgcc.a(bpabi.o)
 .debug_info    0x000111d4       0xc1 /usr/lib/gcc/arm-none-eabi/4.9.3/armv7e-m/fpu/libgcc.a(_dvmd_tls.o)
 .debug_info    0x00011295      0x5bc /usr/lib/gcc/arm-none-eabi/4.9.3/armv7e-m/fpu/libgcc.a(_divdi3.o)
 .debug_info    0x00011851      0x57c /usr/lib/gcc/arm-none-eabi/4.9.3/armv7e-m/fpu/libgcc.a(_udivdi3.o)
 .debug_info    0x00011dcd      0x105 /usr/lib/gcc/arm-none-eabi/4.9.3/../../../arm-none-eabi/lib/armv7e-m/fpu/libc_nano.a(lib_a-init.o)
 .debug_info    0x00011ed2       0xd3 /usr/lib/gcc/arm-none-eabi/4.9.3/../../../arm-none-eabi/lib/armv7e-m/fpu/libc_nano.a(lib_a-memset.o)

.debug_abbrev   0x00000000     0x2c57
 .debug_abbrev  0x00000000      0x308 projects/lab3/out/projects/lab3/src/hid_main.o
 .debug_abbrev  0x00000308      0x3d9 projects/lab3/out/projects/lab3/src/hid_keyboard.o
 .debug_abbrev  0x000006e1       0x60 projects/lab3/out/projects/lab3/src/hid_desc.o
 .debug_abbrev  0x00000741      0x12b projects/lab3/out/libs/cmsis_core//src/armv7m_startup.o
 .debug_abbrev  0x0000086c      0x290 projects/lab3/out/libs/sys_newlib//src/system.o
 .debug_abbrev  0x00000afc      0x3fd projects/lab3/out/libs/lpc_open/boards/edu_ciaa_nxp/src/board.o
 .debug_abbrev  0x00000ef9      0x223 projects/lab3/out/libs/lpc_open/boards/edu_ciaa_nxp/src/board_sysinit.o
 .debug_abbrev  0x0000111c      0x3ca projects/lab3/out/libs/lpc_open/lpc_chip_43xx/src/uart_18xx_43xx.o
 .debug_abbrev  0x000014e6      0x206 projects/lab3/out/libs/lpc_open/lpc_chip_43xx/src/adc_18xx_43xx.o
 .debug_abbrev  0x000016ec      0x376 projects/lab3/out/libs/lpc_open/lpc_chip_43xx/src/clock_18xx_43xx.o
 .debug_abbrev  0x00001a62      0x1f6 projects/lab3/out/libs/lpc_open/lpc_chip_43xx/src/chip_18xx_43xx.o
 .debug_abbrev  0x00001c58      0x1ff projects/lab3/out/libs/lpc_open/lpc_chip_43xx/src/sysinit_18xx_43xx.o
 .debug_abbrev  0x00001e57       0xd0 projects/lab3/out/libs/lpc_open/lpc_chip_43xx/src/gpio_18xx_43xx.o
 .debug_abbrev  0x00001f27      0x337 projects/lab3/out/libs/lpc_open/lpc_chip_43xx/src/ssp_18xx_43xx.o
 .debug_abbrev  0x0000225e      0x337 projects/lab3/out/libs/lpc_open/lpc_chip_43xx/src/i2c_18xx_43xx.o
 .debug_abbrev  0x00002595       0x36 projects/lab3/out/libs/lpc_open/lpc_startup/src/crp.o
 .debug_abbrev  0x000025cb      0x134 projects/lab3/out/libs/lpc_open/lpc_startup/src/sysinit.o
 .debug_abbrev  0x000026ff       0x74 projects/lab3/out/libs/lpc_open/lpc_startup/src/vendor_interrupt.o
 .debug_abbrev  0x00002773       0x14 /usr/lib/gcc/arm-none-eabi/4.9.3/armv7e-m/fpu/libgcc.a(_aeabi_uldivmod.o)
 .debug_abbrev  0x00002787       0xb7 /usr/lib/gcc/arm-none-eabi/4.9.3/armv7e-m/fpu/libgcc.a(bpabi.o)
 .debug_abbrev  0x0000283e       0x14 /usr/lib/gcc/arm-none-eabi/4.9.3/armv7e-m/fpu/libgcc.a(_dvmd_tls.o)
 .debug_abbrev  0x00002852      0x169 /usr/lib/gcc/arm-none-eabi/4.9.3/armv7e-m/fpu/libgcc.a(_divdi3.o)
 .debug_abbrev  0x000029bb      0x154 /usr/lib/gcc/arm-none-eabi/4.9.3/armv7e-m/fpu/libgcc.a(_udivdi3.o)
 .debug_abbrev  0x00002b0f       0xba /usr/lib/gcc/arm-none-eabi/4.9.3/../../../arm-none-eabi/lib/armv7e-m/fpu/libc_nano.a(lib_a-init.o)
 .debug_abbrev  0x00002bc9       0x8e /usr/lib/gcc/arm-none-eabi/4.9.3/../../../arm-none-eabi/lib/armv7e-m/fpu/libc_nano.a(lib_a-memset.o)

.debug_loc      0x00000000     0x72f5
 .debug_loc     0x00000000      0x18c projects/lab3/out/projects/lab3/src/hid_main.o
 .debug_loc     0x0000018c      0x3b8 projects/lab3/out/projects/lab3/src/hid_keyboard.o
 .debug_loc     0x00000544      0x1f0 projects/lab3/out/libs/cmsis_core//src/armv7m_startup.o
 .debug_loc     0x00000734      0x643 projects/lab3/out/libs/sys_newlib//src/system.o
 .debug_loc     0x00000d77      0x4a8 projects/lab3/out/libs/lpc_open/boards/edu_ciaa_nxp/src/board.o
 .debug_loc     0x0000121f       0xb4 projects/lab3/out/libs/lpc_open/boards/edu_ciaa_nxp/src/board_sysinit.o
 .debug_loc     0x000012d3      0xc82 projects/lab3/out/libs/lpc_open/lpc_chip_43xx/src/uart_18xx_43xx.o
 .debug_loc     0x00001f55      0x5df projects/lab3/out/libs/lpc_open/lpc_chip_43xx/src/adc_18xx_43xx.o
 .debug_loc     0x00002534     0x12c1 projects/lab3/out/libs/lpc_open/lpc_chip_43xx/src/clock_18xx_43xx.o
 .debug_loc     0x000037f5      0x178 projects/lab3/out/libs/lpc_open/lpc_chip_43xx/src/sysinit_18xx_43xx.o
 .debug_loc     0x0000396d     0x1066 projects/lab3/out/libs/lpc_open/lpc_chip_43xx/src/ssp_18xx_43xx.o
 .debug_loc     0x000049d3      0xc85 projects/lab3/out/libs/lpc_open/lpc_chip_43xx/src/i2c_18xx_43xx.o
 .debug_loc     0x00005658       0x13 projects/lab3/out/libs/lpc_open/lpc_startup/src/sysinit.o
 .debug_loc     0x0000566b       0xa0 /usr/lib/gcc/arm-none-eabi/4.9.3/armv7e-m/fpu/libgcc.a(bpabi.o)
 .debug_loc     0x0000570b      0xdef /usr/lib/gcc/arm-none-eabi/4.9.3/armv7e-m/fpu/libgcc.a(_divdi3.o)
 .debug_loc     0x000064fa      0xd50 /usr/lib/gcc/arm-none-eabi/4.9.3/armv7e-m/fpu/libgcc.a(_udivdi3.o)
 .debug_loc     0x0000724a       0x54 /usr/lib/gcc/arm-none-eabi/4.9.3/../../../arm-none-eabi/lib/armv7e-m/fpu/libc_nano.a(lib_a-init.o)
 .debug_loc     0x0000729e       0x57 /usr/lib/gcc/arm-none-eabi/4.9.3/../../../arm-none-eabi/lib/armv7e-m/fpu/libc_nano.a(lib_a-memset.o)

.debug_aranges  0x00000000      0x8c8
 .debug_aranges
                0x00000000       0x38 projects/lab3/out/projects/lab3/src/hid_main.o
 .debug_aranges
                0x00000038       0x70 projects/lab3/out/projects/lab3/src/hid_keyboard.o
 .debug_aranges
                0x000000a8       0x18 projects/lab3/out/projects/lab3/src/hid_desc.o
 .debug_aranges
                0x000000c0       0x90 projects/lab3/out/libs/cmsis_core//src/armv7m_startup.o
 .debug_aranges
                0x00000150       0xe0 projects/lab3/out/libs/sys_newlib//src/system.o
 .debug_aranges
                0x00000230       0xc0 projects/lab3/out/libs/lpc_open/boards/edu_ciaa_nxp/src/board.o
 .debug_aranges
                0x000002f0       0x30 projects/lab3/out/libs/lpc_open/boards/edu_ciaa_nxp/src/board_sysinit.o
 .debug_aranges
                0x00000320       0xa8 projects/lab3/out/libs/lpc_open/lpc_chip_43xx/src/uart_18xx_43xx.o
 .debug_aranges
                0x000003c8       0x90 projects/lab3/out/libs/lpc_open/lpc_chip_43xx/src/adc_18xx_43xx.o
 .debug_aranges
                0x00000458      0x128 projects/lab3/out/libs/lpc_open/lpc_chip_43xx/src/clock_18xx_43xx.o
 .debug_aranges
                0x00000580       0x38 projects/lab3/out/libs/lpc_open/lpc_chip_43xx/src/chip_18xx_43xx.o
 .debug_aranges
                0x000005b8       0x38 projects/lab3/out/libs/lpc_open/lpc_chip_43xx/src/sysinit_18xx_43xx.o
 .debug_aranges
                0x000005f0       0x28 projects/lab3/out/libs/lpc_open/lpc_chip_43xx/src/gpio_18xx_43xx.o
 .debug_aranges
                0x00000618       0xa0 projects/lab3/out/libs/lpc_open/lpc_chip_43xx/src/ssp_18xx_43xx.o
 .debug_aranges
                0x000006b8       0xd8 projects/lab3/out/libs/lpc_open/lpc_chip_43xx/src/i2c_18xx_43xx.o
 .debug_aranges
                0x00000790       0x18 projects/lab3/out/libs/lpc_open/lpc_startup/src/crp.o
 .debug_aranges
                0x000007a8       0x20 projects/lab3/out/libs/lpc_open/lpc_startup/src/sysinit.o
 .debug_aranges
                0x000007c8       0x20 projects/lab3/out/libs/lpc_open/lpc_startup/src/vendor_interrupt.o
 .debug_aranges
                0x000007e8       0x20 /usr/lib/gcc/arm-none-eabi/4.9.3/armv7e-m/fpu/libgcc.a(_aeabi_uldivmod.o)
 .debug_aranges
                0x00000808       0x20 /usr/lib/gcc/arm-none-eabi/4.9.3/armv7e-m/fpu/libgcc.a(bpabi.o)
 .debug_aranges
                0x00000828       0x20 /usr/lib/gcc/arm-none-eabi/4.9.3/armv7e-m/fpu/libgcc.a(_dvmd_tls.o)
 .debug_aranges
                0x00000848       0x20 /usr/lib/gcc/arm-none-eabi/4.9.3/armv7e-m/fpu/libgcc.a(_divdi3.o)
 .debug_aranges
                0x00000868       0x20 /usr/lib/gcc/arm-none-eabi/4.9.3/armv7e-m/fpu/libgcc.a(_udivdi3.o)
 .debug_aranges
                0x00000888       0x20 /usr/lib/gcc/arm-none-eabi/4.9.3/../../../arm-none-eabi/lib/armv7e-m/fpu/libc_nano.a(lib_a-init.o)
 .debug_aranges
                0x000008a8       0x20 /usr/lib/gcc/arm-none-eabi/4.9.3/../../../arm-none-eabi/lib/armv7e-m/fpu/libc_nano.a(lib_a-memset.o)

.debug_ranges   0x00000000      0x920
 .debug_ranges  0x00000000       0x28 projects/lab3/out/projects/lab3/src/hid_main.o
 .debug_ranges  0x00000028       0x60 projects/lab3/out/projects/lab3/src/hid_keyboard.o
 .debug_ranges  0x00000088       0x80 projects/lab3/out/libs/cmsis_core//src/armv7m_startup.o
 .debug_ranges  0x00000108       0xe8 projects/lab3/out/libs/sys_newlib//src/system.o
 .debug_ranges  0x000001f0       0xb0 projects/lab3/out/libs/lpc_open/boards/edu_ciaa_nxp/src/board.o
 .debug_ranges  0x000002a0       0x20 projects/lab3/out/libs/lpc_open/boards/edu_ciaa_nxp/src/board_sysinit.o
 .debug_ranges  0x000002c0       0xb0 projects/lab3/out/libs/lpc_open/lpc_chip_43xx/src/uart_18xx_43xx.o
 .debug_ranges  0x00000370       0x80 projects/lab3/out/libs/lpc_open/lpc_chip_43xx/src/adc_18xx_43xx.o
 .debug_ranges  0x000003f0      0x118 projects/lab3/out/libs/lpc_open/lpc_chip_43xx/src/clock_18xx_43xx.o
 .debug_ranges  0x00000508       0x28 projects/lab3/out/libs/lpc_open/lpc_chip_43xx/src/chip_18xx_43xx.o
 .debug_ranges  0x00000530       0x28 projects/lab3/out/libs/lpc_open/lpc_chip_43xx/src/sysinit_18xx_43xx.o
 .debug_ranges  0x00000558       0x18 projects/lab3/out/libs/lpc_open/lpc_chip_43xx/src/gpio_18xx_43xx.o
 .debug_ranges  0x00000570      0x100 projects/lab3/out/libs/lpc_open/lpc_chip_43xx/src/ssp_18xx_43xx.o
 .debug_ranges  0x00000670       0xc8 projects/lab3/out/libs/lpc_open/lpc_chip_43xx/src/i2c_18xx_43xx.o
 .debug_ranges  0x00000738       0x10 projects/lab3/out/libs/lpc_open/lpc_startup/src/sysinit.o
 .debug_ranges  0x00000748       0x10 projects/lab3/out/libs/lpc_open/lpc_startup/src/vendor_interrupt.o
 .debug_ranges  0x00000758       0xd0 /usr/lib/gcc/arm-none-eabi/4.9.3/armv7e-m/fpu/libgcc.a(_divdi3.o)
 .debug_ranges  0x00000828       0xd8 /usr/lib/gcc/arm-none-eabi/4.9.3/armv7e-m/fpu/libgcc.a(_udivdi3.o)
 .debug_ranges  0x00000900       0x10 /usr/lib/gcc/arm-none-eabi/4.9.3/../../../arm-none-eabi/lib/armv7e-m/fpu/libc_nano.a(lib_a-init.o)
 .debug_ranges  0x00000910       0x10 /usr/lib/gcc/arm-none-eabi/4.9.3/../../../arm-none-eabi/lib/armv7e-m/fpu/libc_nano.a(lib_a-memset.o)

.debug_macro    0x00000000     0x9937
 .debug_macro   0x00000000      0x4cf projects/lab3/out/projects/lab3/src/hid_main.o
 .debug_macro   0x000004cf      0x89e projects/lab3/out/projects/lab3/src/hid_main.o
 .debug_macro   0x00000d6d       0x10 projects/lab3/out/projects/lab3/src/hid_main.o
 .debug_macro   0x00000d7d       0x22 projects/lab3/out/projects/lab3/src/hid_main.o
 .debug_macro   0x00000d9f       0x44 projects/lab3/out/projects/lab3/src/hid_main.o
 .debug_macro   0x00000de3       0xe3 projects/lab3/out/projects/lab3/src/hid_main.o
 .debug_macro   0x00000ec6       0x22 projects/lab3/out/projects/lab3/src/hid_main.o
 .debug_macro   0x00000ee8      0x1df projects/lab3/out/projects/lab3/src/hid_main.o
 .debug_macro   0x000010c7       0x22 projects/lab3/out/projects/lab3/src/hid_main.o
 .debug_macro   0x000010e9       0x73 projects/lab3/out/projects/lab3/src/hid_main.o
 .debug_macro   0x0000115c       0x22 projects/lab3/out/projects/lab3/src/hid_main.o
 .debug_macro   0x0000117e       0x1c projects/lab3/out/projects/lab3/src/hid_main.o
 .debug_macro   0x0000119a       0x22 projects/lab3/out/projects/lab3/src/hid_main.o
 .debug_macro   0x000011bc       0xdf projects/lab3/out/projects/lab3/src/hid_main.o
 .debug_macro   0x0000129b     0x102d projects/lab3/out/projects/lab3/src/hid_main.o
 .debug_macro   0x000022c8      0x11f projects/lab3/out/projects/lab3/src/hid_main.o
 .debug_macro   0x000023e7      0x2c3 projects/lab3/out/projects/lab3/src/hid_main.o
 .debug_macro   0x000026aa      0x112 projects/lab3/out/projects/lab3/src/hid_main.o
 .debug_macro   0x000027bc       0x11 projects/lab3/out/projects/lab3/src/hid_main.o
 .debug_macro   0x000027cd       0x2a projects/lab3/out/projects/lab3/src/hid_main.o
 .debug_macro   0x000027f7       0x16 projects/lab3/out/projects/lab3/src/hid_main.o
 .debug_macro   0x0000280d      0x2e6 projects/lab3/out/projects/lab3/src/hid_main.o
 .debug_macro   0x00002af3       0x82 projects/lab3/out/projects/lab3/src/hid_main.o
 .debug_macro   0x00002b75      0x13d projects/lab3/out/projects/lab3/src/hid_main.o
 .debug_macro   0x00002cb2      0x198 projects/lab3/out/projects/lab3/src/hid_main.o
 .debug_macro   0x00002e4a       0x34 projects/lab3/out/projects/lab3/src/hid_main.o
 .debug_macro   0x00002e7e       0x58 projects/lab3/out/projects/lab3/src/hid_main.o
 .debug_macro   0x00002ed6      0x236 projects/lab3/out/projects/lab3/src/hid_main.o
 .debug_macro   0x0000310c      0x572 projects/lab3/out/projects/lab3/src/hid_main.o
 .debug_macro   0x0000367e       0x16 projects/lab3/out/projects/lab3/src/hid_main.o
 .debug_macro   0x00003694      0x18a projects/lab3/out/projects/lab3/src/hid_main.o
 .debug_macro   0x0000381e       0x88 projects/lab3/out/projects/lab3/src/hid_main.o
 .debug_macro   0x000038a6      0x1b9 projects/lab3/out/projects/lab3/src/hid_main.o
 .debug_macro   0x00003a5f      0x1da projects/lab3/out/projects/lab3/src/hid_main.o
 .debug_macro   0x00003c39       0x40 projects/lab3/out/projects/lab3/src/hid_main.o
 .debug_macro   0x00003c79       0x1c projects/lab3/out/projects/lab3/src/hid_main.o
 .debug_macro   0x00003c95       0x2e projects/lab3/out/projects/lab3/src/hid_main.o
 .debug_macro   0x00003cc3       0x2e projects/lab3/out/projects/lab3/src/hid_main.o
 .debug_macro   0x00003cf1       0x22 projects/lab3/out/projects/lab3/src/hid_main.o
 .debug_macro   0x00003d13      0x201 projects/lab3/out/projects/lab3/src/hid_main.o
 .debug_macro   0x00003f14       0xe0 projects/lab3/out/projects/lab3/src/hid_main.o
 .debug_macro   0x00003ff4      0x34c projects/lab3/out/projects/lab3/src/hid_main.o
 .debug_macro   0x00004340       0xdc projects/lab3/out/projects/lab3/src/hid_main.o
 .debug_macro   0x0000441c       0xc4 projects/lab3/out/projects/lab3/src/hid_main.o
 .debug_macro   0x000044e0       0x8f projects/lab3/out/projects/lab3/src/hid_main.o
 .debug_macro   0x0000456f       0x94 projects/lab3/out/projects/lab3/src/hid_main.o
 .debug_macro   0x00004603       0xb8 projects/lab3/out/projects/lab3/src/hid_main.o
 .debug_macro   0x000046bb       0x4c projects/lab3/out/projects/lab3/src/hid_main.o
 .debug_macro   0x00004707       0x16 projects/lab3/out/projects/lab3/src/hid_main.o
 .debug_macro   0x0000471d      0x328 projects/lab3/out/projects/lab3/src/hid_main.o
 .debug_macro   0x00004a45       0x3a projects/lab3/out/projects/lab3/src/hid_main.o
 .debug_macro   0x00004a7f       0xd0 projects/lab3/out/projects/lab3/src/hid_main.o
 .debug_macro   0x00004b4f       0x18 projects/lab3/out/projects/lab3/src/hid_main.o
 .debug_macro   0x00004b67       0x22 projects/lab3/out/projects/lab3/src/hid_main.o
 .debug_macro   0x00004b89       0x40 projects/lab3/out/projects/lab3/src/hid_main.o
 .debug_macro   0x00004bc9       0x58 projects/lab3/out/projects/lab3/src/hid_main.o
 .debug_macro   0x00004c21       0x35 projects/lab3/out/projects/lab3/src/hid_main.o
 .debug_macro   0x00004c56       0x9c projects/lab3/out/projects/lab3/src/hid_main.o
 .debug_macro   0x00004cf2       0x16 projects/lab3/out/projects/lab3/src/hid_main.o
 .debug_macro   0x00004d08       0x97 projects/lab3/out/projects/lab3/src/hid_main.o
 .debug_macro   0x00004d9f      0x297 projects/lab3/out/projects/lab3/src/hid_main.o
 .debug_macro   0x00005036       0xef projects/lab3/out/projects/lab3/src/hid_main.o
 .debug_macro   0x00005125       0x10 projects/lab3/out/projects/lab3/src/hid_main.o
 .debug_macro   0x00005135       0x52 projects/lab3/out/projects/lab3/src/hid_main.o
 .debug_macro   0x00005187       0x16 projects/lab3/out/projects/lab3/src/hid_main.o
 .debug_macro   0x0000519d       0x43 projects/lab3/out/projects/lab3/src/hid_main.o
 .debug_macro   0x000051e0      0x180 projects/lab3/out/projects/lab3/src/hid_main.o
 .debug_macro   0x00005360       0x10 projects/lab3/out/projects/lab3/src/hid_main.o
 .debug_macro   0x00005370       0x22 projects/lab3/out/projects/lab3/src/hid_main.o
 .debug_macro   0x00005392       0xbe projects/lab3/out/projects/lab3/src/hid_main.o
 .debug_macro   0x00005450       0x16 projects/lab3/out/projects/lab3/src/hid_main.o
 .debug_macro   0x00005466      0x166 projects/lab3/out/projects/lab3/src/hid_main.o
 .debug_macro   0x000055cc       0x20 projects/lab3/out/projects/lab3/src/hid_main.o
 .debug_macro   0x000055ec       0xee projects/lab3/out/projects/lab3/src/hid_main.o
 .debug_macro   0x000056da       0x16 projects/lab3/out/projects/lab3/src/hid_main.o
 .debug_macro   0x000056f0       0x35 projects/lab3/out/projects/lab3/src/hid_main.o
 .debug_macro   0x00005725      0x26c projects/lab3/out/projects/lab3/src/hid_main.o
 .debug_macro   0x00005991       0x6a projects/lab3/out/projects/lab3/src/hid_main.o
 .debug_macro   0x000059fb       0x12 projects/lab3/out/projects/lab3/src/hid_main.o
 .debug_macro   0x00005a0d       0xfa projects/lab3/out/projects/lab3/src/hid_main.o
 .debug_macro   0x00005b07       0xee projects/lab3/out/projects/lab3/src/hid_main.o
 .debug_macro   0x00005bf5      0x69a projects/lab3/out/projects/lab3/src/hid_main.o
 .debug_macro   0x0000628f      0x272 projects/lab3/out/projects/lab3/src/hid_main.o
 .debug_macro   0x00006501       0x10 projects/lab3/out/projects/lab3/src/hid_main.o
 .debug_macro   0x00006511       0x16 projects/lab3/out/projects/lab3/src/hid_main.o
 .debug_macro   0x00006527      0x4d4 projects/lab3/out/projects/lab3/src/hid_keyboard.o
 .debug_macro   0x000069fb       0x16 projects/lab3/out/projects/lab3/src/hid_keyboard.o
 .debug_macro   0x00006a11      0x10d projects/lab3/out/projects/lab3/src/hid_desc.o
 .debug_macro   0x00006b1e       0x1d projects/lab3/out/libs/cmsis_core//src/armv7m_startup.o
 .debug_macro   0x00006b3b      0x13c projects/lab3/out/libs/sys_newlib//src/system.o
 .debug_macro   0x00006c77      0x166 projects/lab3/out/libs/sys_newlib//src/system.o
 .debug_macro   0x00006ddd       0x4a projects/lab3/out/libs/sys_newlib//src/system.o
 .debug_macro   0x00006e27       0x10 projects/lab3/out/libs/sys_newlib//src/system.o
 .debug_macro   0x00006e37       0x10 projects/lab3/out/libs/sys_newlib//src/system.o
 .debug_macro   0x00006e47      0x241 projects/lab3/out/libs/sys_newlib//src/system.o
 .debug_macro   0x00007088      0x29d projects/lab3/out/libs/sys_newlib//src/system.o
 .debug_macro   0x00007325      0x153 projects/lab3/out/libs/sys_newlib//src/system.o
 .debug_macro   0x00007478       0x16 projects/lab3/out/libs/sys_newlib//src/system.o
 .debug_macro   0x0000748e      0x41b projects/lab3/out/libs/lpc_open/boards/edu_ciaa_nxp/src/board.o
 .debug_macro   0x000078a9      0x409 projects/lab3/out/libs/lpc_open/boards/edu_ciaa_nxp/src/board_sysinit.o
 .debug_macro   0x00007cb2      0x306 projects/lab3/out/libs/lpc_open/lpc_chip_43xx/src/uart_18xx_43xx.o
 .debug_macro   0x00007fb8      0x306 projects/lab3/out/libs/lpc_open/lpc_chip_43xx/src/adc_18xx_43xx.o
 .debug_macro   0x000082be      0x30c projects/lab3/out/libs/lpc_open/lpc_chip_43xx/src/clock_18xx_43xx.o
 .debug_macro   0x000085ca      0x306 projects/lab3/out/libs/lpc_open/lpc_chip_43xx/src/chip_18xx_43xx.o
 .debug_macro   0x000088d0      0x306 projects/lab3/out/libs/lpc_open/lpc_chip_43xx/src/sysinit_18xx_43xx.o
 .debug_macro   0x00008bd6      0x306 projects/lab3/out/libs/lpc_open/lpc_chip_43xx/src/gpio_18xx_43xx.o
 .debug_macro   0x00008edc      0x306 projects/lab3/out/libs/lpc_open/lpc_chip_43xx/src/ssp_18xx_43xx.o
 .debug_macro   0x000091e2      0x318 projects/lab3/out/libs/lpc_open/lpc_chip_43xx/src/i2c_18xx_43xx.o
 .debug_macro   0x000094fa       0x17 projects/lab3/out/libs/lpc_open/lpc_startup/src/crp.o
 .debug_macro   0x00009511      0x409 projects/lab3/out/libs/lpc_open/lpc_startup/src/sysinit.o
 .debug_macro   0x0000991a       0x1d projects/lab3/out/libs/lpc_open/lpc_startup/src/vendor_interrupt.o

.debug_line     0x00000000     0x7755
 .debug_line    0x00000000      0x8a0 projects/lab3/out/projects/lab3/src/hid_main.o
 .debug_line    0x000008a0      0xa22 projects/lab3/out/projects/lab3/src/hid_keyboard.o
 .debug_line    0x000012c2      0x24e projects/lab3/out/projects/lab3/src/hid_desc.o
 .debug_line    0x00001510      0x12f projects/lab3/out/libs/cmsis_core//src/armv7m_startup.o
 .debug_line    0x0000163f      0x39c projects/lab3/out/libs/sys_newlib//src/system.o
 .debug_line    0x000019db      0x965 projects/lab3/out/libs/lpc_open/boards/edu_ciaa_nxp/src/board.o
 .debug_line    0x00002340      0x766 projects/lab3/out/libs/lpc_open/boards/edu_ciaa_nxp/src/board_sysinit.o
 .debug_line    0x00002aa6      0x8e7 projects/lab3/out/libs/lpc_open/lpc_chip_43xx/src/uart_18xx_43xx.o
 .debug_line    0x0000338d      0x729 projects/lab3/out/libs/lpc_open/lpc_chip_43xx/src/adc_18xx_43xx.o
 .debug_line    0x00003ab6      0x9fb projects/lab3/out/libs/lpc_open/lpc_chip_43xx/src/clock_18xx_43xx.o
 .debug_line    0x000044b1      0x650 projects/lab3/out/libs/lpc_open/lpc_chip_43xx/src/chip_18xx_43xx.o
 .debug_line    0x00004b01      0x6b1 projects/lab3/out/libs/lpc_open/lpc_chip_43xx/src/sysinit_18xx_43xx.o
 .debug_line    0x000051b2      0x615 projects/lab3/out/libs/lpc_open/lpc_chip_43xx/src/gpio_18xx_43xx.o
 .debug_line    0x000057c7      0xa6e projects/lab3/out/libs/lpc_open/lpc_chip_43xx/src/ssp_18xx_43xx.o
 .debug_line    0x00006235      0x8d7 projects/lab3/out/libs/lpc_open/lpc_chip_43xx/src/i2c_18xx_43xx.o
 .debug_line    0x00006b0c       0x44 projects/lab3/out/libs/lpc_open/lpc_startup/src/crp.o
 .debug_line    0x00006b50      0x714 projects/lab3/out/libs/lpc_open/lpc_startup/src/sysinit.o
 .debug_line    0x00007264       0x66 projects/lab3/out/libs/lpc_open/lpc_startup/src/vendor_interrupt.o
 .debug_line    0x000072ca       0x65 /usr/lib/gcc/arm-none-eabi/4.9.3/armv7e-m/fpu/libgcc.a(_aeabi_uldivmod.o)
 .debug_line    0x0000732f       0x65 /usr/lib/gcc/arm-none-eabi/4.9.3/armv7e-m/fpu/libgcc.a(bpabi.o)
 .debug_line    0x00007394       0x61 /usr/lib/gcc/arm-none-eabi/4.9.3/armv7e-m/fpu/libgcc.a(_dvmd_tls.o)
 .debug_line    0x000073f5       0xe2 /usr/lib/gcc/arm-none-eabi/4.9.3/armv7e-m/fpu/libgcc.a(_divdi3.o)
 .debug_line    0x000074d7       0xd4 /usr/lib/gcc/arm-none-eabi/4.9.3/armv7e-m/fpu/libgcc.a(_udivdi3.o)
 .debug_line    0x000075ab       0xb9 /usr/lib/gcc/arm-none-eabi/4.9.3/../../../arm-none-eabi/lib/armv7e-m/fpu/libc_nano.a(lib_a-init.o)
 .debug_line    0x00007664       0xf1 /usr/lib/gcc/arm-none-eabi/4.9.3/../../../arm-none-eabi/lib/armv7e-m/fpu/libc_nano.a(lib_a-memset.o)

.debug_str      0x00000000    0x23274
 .debug_str     0x00000000    0x1f6ad projects/lab3/out/projects/lab3/src/hid_main.o
                              0x1fab3 (size before relaxing)
 .debug_str     0x0001f6ad      0x35b projects/lab3/out/projects/lab3/src/hid_keyboard.o
                              0x1fa92 (size before relaxing)
 .debug_str     0x0001fa08       0x1d projects/lab3/out/projects/lab3/src/hid_desc.o
                               0x71d4 (size before relaxing)
 .debug_str     0x0001fa25      0x20e projects/lab3/out/libs/cmsis_core//src/armv7m_startup.o
                               0x26dd (size before relaxing)
 .debug_str     0x0001fc33      0xd2a projects/lab3/out/libs/sys_newlib//src/system.o
                               0x5cf2 (size before relaxing)
 .debug_str     0x0002095d      0x956 projects/lab3/out/libs/lpc_open/boards/edu_ciaa_nxp/src/board.o
                              0x1a4e5 (size before relaxing)
 .debug_str     0x000212b3      0x336 projects/lab3/out/libs/lpc_open/boards/edu_ciaa_nxp/src/board_sysinit.o
                              0x19e06 (size before relaxing)
 .debug_str     0x000215e9      0x3b4 projects/lab3/out/libs/lpc_open/lpc_chip_43xx/src/uart_18xx_43xx.o
                              0x16c07 (size before relaxing)
 .debug_str     0x0002199d      0x119 projects/lab3/out/libs/lpc_open/lpc_chip_43xx/src/adc_18xx_43xx.o
                              0x165a2 (size before relaxing)
 .debug_str     0x00021ab6      0x5c6 projects/lab3/out/libs/lpc_open/lpc_chip_43xx/src/clock_18xx_43xx.o
                              0x16fcd (size before relaxing)
 .debug_str     0x0002207c       0x86 projects/lab3/out/libs/lpc_open/lpc_chip_43xx/src/chip_18xx_43xx.o
                              0x16b64 (size before relaxing)
 .debug_str     0x00022102       0xbc projects/lab3/out/libs/lpc_open/lpc_chip_43xx/src/sysinit_18xx_43xx.o
                              0x16a58 (size before relaxing)
 .debug_str     0x000221be       0x42 projects/lab3/out/libs/lpc_open/lpc_chip_43xx/src/gpio_18xx_43xx.o
                              0x15d59 (size before relaxing)
 .debug_str     0x00022200      0x3e1 projects/lab3/out/libs/lpc_open/lpc_chip_43xx/src/ssp_18xx_43xx.o
                              0x16798 (size before relaxing)
 .debug_str     0x000225e1      0x575 projects/lab3/out/libs/lpc_open/lpc_chip_43xx/src/i2c_18xx_43xx.o
                              0x16d39 (size before relaxing)
 .debug_str     0x00022b56       0x43 projects/lab3/out/libs/lpc_open/lpc_startup/src/crp.o
                               0x24e8 (size before relaxing)
 .debug_str     0x00022b99       0xb9 projects/lab3/out/libs/lpc_open/lpc_startup/src/sysinit.o
                              0x190d8 (size before relaxing)
 .debug_str     0x00022c52       0x56 projects/lab3/out/libs/lpc_open/lpc_startup/src/vendor_interrupt.o
                               0x253f (size before relaxing)
 .debug_str     0x00022ca8      0x1d3 /usr/lib/gcc/arm-none-eabi/4.9.3/armv7e-m/fpu/libgcc.a(bpabi.o)
                                0x1f8 (size before relaxing)
 .debug_str     0x00022e7b      0x18f /usr/lib/gcc/arm-none-eabi/4.9.3/armv7e-m/fpu/libgcc.a(_divdi3.o)
                                0x2a6 (size before relaxing)
 .debug_str     0x0002300a      0x2a7 /usr/lib/gcc/arm-none-eabi/4.9.3/armv7e-m/fpu/libgcc.a(_udivdi3.o)
 .debug_str     0x0002300a      0x1ca /usr/lib/gcc/arm-none-eabi/4.9.3/../../../arm-none-eabi/lib/armv7e-m/fpu/libc_nano.a(lib_a-init.o)
                                0x281 (size before relaxing)
 .debug_str     0x000231d4       0xa0 /usr/lib/gcc/arm-none-eabi/4.9.3/../../../arm-none-eabi/lib/armv7e-m/fpu/libc_nano.a(lib_a-memset.o)
                                0x222 (size before relaxing)

.comment        0x00000000       0x70
 .comment       0x00000000       0x38 projects/lab3/out/projects/lab3/src/hid_main.o
                                 0x39 (size before relaxing)
 .comment       0x00000038       0x39 projects/lab3/out/projects/lab3/src/hid_keyboard.o
 .comment       0x00000038       0x39 projects/lab3/out/projects/lab3/src/hid_desc.o
 .comment       0x00000038       0x39 projects/lab3/out/libs/cmsis_core//src/armv7m_startup.o
 .comment       0x00000038       0x39 projects/lab3/out/libs/sys_newlib//src/system.o
 .comment       0x00000038       0x39 projects/lab3/out/libs/lpc_open/boards/edu_ciaa_nxp/src/board.o
 .comment       0x00000038       0x39 projects/lab3/out/libs/lpc_open/boards/edu_ciaa_nxp/src/board_sysinit.o
 .comment       0x00000038       0x39 projects/lab3/out/libs/lpc_open/lpc_chip_43xx/src/uart_18xx_43xx.o
 .comment       0x00000038       0x39 projects/lab3/out/libs/lpc_open/lpc_chip_43xx/src/adc_18xx_43xx.o
 .comment       0x00000038       0x39 projects/lab3/out/libs/lpc_open/lpc_chip_43xx/src/clock_18xx_43xx.o
 .comment       0x00000038       0x39 projects/lab3/out/libs/lpc_open/lpc_chip_43xx/src/chip_18xx_43xx.o
 .comment       0x00000038       0x39 projects/lab3/out/libs/lpc_open/lpc_chip_43xx/src/sysinit_18xx_43xx.o
 .comment       0x00000038       0x39 projects/lab3/out/libs/lpc_open/lpc_chip_43xx/src/gpio_18xx_43xx.o
 .comment       0x00000038       0x39 projects/lab3/out/libs/lpc_open/lpc_chip_43xx/src/ssp_18xx_43xx.o
 .comment       0x00000038       0x39 projects/lab3/out/libs/lpc_open/lpc_chip_43xx/src/i2c_18xx_43xx.o
 .comment       0x00000038       0x39 projects/lab3/out/libs/lpc_open/lpc_startup/src/crp.o
 .comment       0x00000038       0x39 projects/lab3/out/libs/lpc_open/lpc_startup/src/sysinit.o
 .comment       0x00000038       0x39 projects/lab3/out/libs/lpc_open/lpc_startup/src/vendor_interrupt.o
 .comment       0x00000038       0x39 /usr/lib/gcc/arm-none-eabi/4.9.3/armv7e-m/fpu/libgcc.a(bpabi.o)
 .comment       0x00000038       0x39 /usr/lib/gcc/arm-none-eabi/4.9.3/armv7e-m/fpu/libgcc.a(_divdi3.o)
 .comment       0x00000038       0x39 /usr/lib/gcc/arm-none-eabi/4.9.3/armv7e-m/fpu/libgcc.a(_udivdi3.o)
 .comment       0x00000038       0x38 /usr/lib/gcc/arm-none-eabi/4.9.3/../../../arm-none-eabi/lib/armv7e-m/fpu/libc_nano.a(lib_a-init.o)
                                 0x39 (size before relaxing)
 .comment       0x00000070       0x39 /usr/lib/gcc/arm-none-eabi/4.9.3/../../../arm-none-eabi/lib/armv7e-m/fpu/libc_nano.a(lib_a-memset.o)

.ARM.attributes
                0x00000000       0x39
 .ARM.attributes
                0x00000000       0x39 projects/lab3/out/projects/lab3/src/hid_main.o
 .ARM.attributes
                0x00000039       0x39 projects/lab3/out/projects/lab3/src/hid_keyboard.o
 .ARM.attributes
                0x00000072       0x39 projects/lab3/out/projects/lab3/src/hid_desc.o
 .ARM.attributes
                0x000000ab       0x39 projects/lab3/out/libs/cmsis_core//src/armv7m_startup.o
 .ARM.attributes
                0x000000e4       0x39 projects/lab3/out/libs/sys_newlib//src/system.o
 .ARM.attributes
                0x0000011d       0x39 projects/lab3/out/libs/lpc_open/boards/edu_ciaa_nxp/src/board.o
 .ARM.attributes
                0x00000156       0x39 projects/lab3/out/libs/lpc_open/boards/edu_ciaa_nxp/src/board_sysinit.o
 .ARM.attributes
                0x0000018f       0x39 projects/lab3/out/libs/lpc_open/lpc_chip_43xx/src/uart_18xx_43xx.o
 .ARM.attributes
                0x000001c8       0x39 projects/lab3/out/libs/lpc_open/lpc_chip_43xx/src/adc_18xx_43xx.o
 .ARM.attributes
                0x00000201       0x39 projects/lab3/out/libs/lpc_open/lpc_chip_43xx/src/clock_18xx_43xx.o
 .ARM.attributes
                0x0000023a       0x39 projects/lab3/out/libs/lpc_open/lpc_chip_43xx/src/chip_18xx_43xx.o
 .ARM.attributes
                0x00000273       0x39 projects/lab3/out/libs/lpc_open/lpc_chip_43xx/src/sysinit_18xx_43xx.o
 .ARM.attributes
                0x000002ac       0x39 projects/lab3/out/libs/lpc_open/lpc_chip_43xx/src/gpio_18xx_43xx.o
 .ARM.attributes
                0x000002e5       0x39 projects/lab3/out/libs/lpc_open/lpc_chip_43xx/src/ssp_18xx_43xx.o
 .ARM.attributes
                0x0000031e       0x39 projects/lab3/out/libs/lpc_open/lpc_chip_43xx/src/i2c_18xx_43xx.o
 .ARM.attributes
                0x00000357       0x39 projects/lab3/out/libs/lpc_open/lpc_startup/src/crp.o
 .ARM.attributes
                0x00000390       0x39 projects/lab3/out/libs/lpc_open/lpc_startup/src/sysinit.o
 .ARM.attributes
                0x000003c9       0x39 projects/lab3/out/libs/lpc_open/lpc_startup/src/vendor_interrupt.o
 .ARM.attributes
                0x00000402       0x22 /usr/lib/gcc/arm-none-eabi/4.9.3/armv7e-m/fpu/libgcc.a(_aeabi_uldivmod.o)
 .ARM.attributes
                0x00000424       0x34 /usr/lib/gcc/arm-none-eabi/4.9.3/armv7e-m/fpu/libgcc.a(bpabi.o)
 .ARM.attributes
                0x00000458       0x22 /usr/lib/gcc/arm-none-eabi/4.9.3/armv7e-m/fpu/libgcc.a(_dvmd_tls.o)
 .ARM.attributes
                0x0000047a       0x34 /usr/lib/gcc/arm-none-eabi/4.9.3/armv7e-m/fpu/libgcc.a(_divdi3.o)
 .ARM.attributes
                0x000004ae       0x34 /usr/lib/gcc/arm-none-eabi/4.9.3/armv7e-m/fpu/libgcc.a(_udivdi3.o)
 .ARM.attributes
                0x000004e2       0x34 /usr/lib/gcc/arm-none-eabi/4.9.3/../../../arm-none-eabi/lib/armv7e-m/fpu/libc_nano.a(lib_a-init.o)
 .ARM.attributes
                0x00000516       0x34 /usr/lib/gcc/arm-none-eabi/4.9.3/../../../arm-none-eabi/lib/armv7e-m/fpu/libc_nano.a(lib_a-memset.o)

.debug_frame    0x00000000     0x13f4
 .debug_frame   0x00000000       0x6c projects/lab3/out/projects/lab3/src/hid_main.o
 .debug_frame   0x0000006c      0x134 projects/lab3/out/projects/lab3/src/hid_keyboard.o
 .debug_frame   0x000001a0      0x114 projects/lab3/out/libs/cmsis_core//src/armv7m_startup.o
 .debug_frame   0x000002b4      0x200 projects/lab3/out/libs/sys_newlib//src/system.o
 .debug_frame   0x000004b4      0x204 projects/lab3/out/libs/lpc_open/boards/edu_ciaa_nxp/src/board.o
 .debug_frame   0x000006b8       0x5c projects/lab3/out/libs/lpc_open/boards/edu_ciaa_nxp/src/board_sysinit.o
 .debug_frame   0x00000714      0x1ec projects/lab3/out/libs/lpc_open/lpc_chip_43xx/src/uart_18xx_43xx.o
 .debug_frame   0x00000900      0x160 projects/lab3/out/libs/lpc_open/lpc_chip_43xx/src/adc_18xx_43xx.o
 .debug_frame   0x00000a60      0x310 projects/lab3/out/libs/lpc_open/lpc_chip_43xx/src/clock_18xx_43xx.o
 .debug_frame   0x00000d70       0x70 projects/lab3/out/libs/lpc_open/lpc_chip_43xx/src/chip_18xx_43xx.o
 .debug_frame   0x00000de0       0x7c projects/lab3/out/libs/lpc_open/lpc_chip_43xx/src/sysinit_18xx_43xx.o
 .debug_frame   0x00000e5c       0x30 projects/lab3/out/libs/lpc_open/lpc_chip_43xx/src/gpio_18xx_43xx.o
 .debug_frame   0x00000e8c      0x198 projects/lab3/out/libs/lpc_open/lpc_chip_43xx/src/ssp_18xx_43xx.o
 .debug_frame   0x00001024      0x260 projects/lab3/out/libs/lpc_open/lpc_chip_43xx/src/i2c_18xx_43xx.o
 .debug_frame   0x00001284       0x28 projects/lab3/out/libs/lpc_open/lpc_startup/src/sysinit.o
 .debug_frame   0x000012ac       0x20 projects/lab3/out/libs/lpc_open/lpc_startup/src/vendor_interrupt.o
 .debug_frame   0x000012cc       0x28 /usr/lib/gcc/arm-none-eabi/4.9.3/armv7e-m/fpu/libgcc.a(_aeabi_uldivmod.o)
 .debug_frame   0x000012f4       0x50 /usr/lib/gcc/arm-none-eabi/4.9.3/armv7e-m/fpu/libgcc.a(bpabi.o)
 .debug_frame   0x00001344       0x34 /usr/lib/gcc/arm-none-eabi/4.9.3/armv7e-m/fpu/libgcc.a(_divdi3.o)
 .debug_frame   0x00001378       0x30 /usr/lib/gcc/arm-none-eabi/4.9.3/armv7e-m/fpu/libgcc.a(_udivdi3.o)
 .debug_frame   0x000013a8       0x2c /usr/lib/gcc/arm-none-eabi/4.9.3/../../../arm-none-eabi/lib/armv7e-m/fpu/libc_nano.a(lib_a-init.o)
 .debug_frame   0x000013d4       0x20 /usr/lib/gcc/arm-none-eabi/4.9.3/../../../arm-none-eabi/lib/armv7e-m/fpu/libc_nano.a(lib_a-memset.o)

Cross Reference Table

Symbol                                            File
ADC0_IRQHandler                                   projects/lab3/out/libs/lpc_open/lpc_startup/src/vendor_interrupt.o
ADC1_IRQHandler                                   projects/lab3/out/libs/lpc_open/lpc_startup/src/vendor_interrupt.o
ADCHS_IRQHandler                                  projects/lab3/out/libs/lpc_open/lpc_startup/src/vendor_interrupt.o
ATIMER_IRQHandler                                 projects/lab3/out/libs/lpc_open/lpc_startup/src/vendor_interrupt.o
Board_ADC_ReadBegin                               projects/lab3/out/libs/lpc_open/boards/edu_ciaa_nxp/src/board.o
Board_ADC_ReadEnd                                 projects/lab3/out/libs/lpc_open/boards/edu_ciaa_nxp/src/board.o
Board_ADC_ReadWait                                projects/lab3/out/libs/lpc_open/boards/edu_ciaa_nxp/src/board.o
Board_Debug_Init                                  projects/lab3/out/libs/lpc_open/boards/edu_ciaa_nxp/src/board.o
Board_Init                                        projects/lab3/out/libs/lpc_open/boards/edu_ciaa_nxp/src/board.o
                                                  projects/lab3/out/libs/lpc_open/lpc_startup/src/sysinit.o
                                                  projects/lab3/out/projects/lab3/src/hid_main.o
Board_LED_Set                                     projects/lab3/out/libs/lpc_open/boards/edu_ciaa_nxp/src/board.o
                                                  projects/lab3/out/projects/lab3/src/hid_keyboard.o
Board_LED_Test                                    projects/lab3/out/libs/lpc_open/boards/edu_ciaa_nxp/src/board.o
Board_LED_Toggle                                  projects/lab3/out/libs/lpc_open/boards/edu_ciaa_nxp/src/board.o
Board_SetupClocking                               projects/lab3/out/libs/lpc_open/boards/edu_ciaa_nxp/src/board_sysinit.o
Board_SetupMuxing                                 projects/lab3/out/libs/lpc_open/boards/edu_ciaa_nxp/src/board_sysinit.o
Board_SystemInit                                  projects/lab3/out/libs/lpc_open/boards/edu_ciaa_nxp/src/board_sysinit.o
                                                  projects/lab3/out/libs/lpc_open/lpc_startup/src/sysinit.o
Board_TEC_GetStatus                               projects/lab3/out/libs/lpc_open/boards/edu_ciaa_nxp/src/board.o
Board_UARTGetChar                                 projects/lab3/out/libs/lpc_open/boards/edu_ciaa_nxp/src/board.o
Board_UARTPutChar                                 projects/lab3/out/libs/lpc_open/boards/edu_ciaa_nxp/src/board.o
Board_UARTPutSTR                                  projects/lab3/out/libs/lpc_open/boards/edu_ciaa_nxp/src/board.o
BusFault_Handler                                  projects/lab3/out/libs/cmsis_core//src/armv7m_startup.o
Buttons_Init                                      projects/lab3/out/projects/lab3/src/hid_keyboard.o
CAN0_IRQHandler                                   projects/lab3/out/libs/lpc_open/lpc_startup/src/vendor_interrupt.o
CAN1_IRQHandler                                   projects/lab3/out/libs/lpc_open/lpc_startup/src/vendor_interrupt.o
CRP_WORD                                          projects/lab3/out/libs/lpc_open/lpc_startup/src/crp.o
Chip_ADC_DeInit                                   projects/lab3/out/libs/lpc_open/lpc_chip_43xx/src/adc_18xx_43xx.o
Chip_ADC_EnableChannel                            projects/lab3/out/libs/lpc_open/lpc_chip_43xx/src/adc_18xx_43xx.o
                                                  projects/lab3/out/libs/lpc_open/boards/edu_ciaa_nxp/src/board.o
                                                  projects/lab3/out/modules/drivers_bm//src/adc.o
Chip_ADC_Init                                     projects/lab3/out/libs/lpc_open/lpc_chip_43xx/src/adc_18xx_43xx.o
                                                  projects/lab3/out/libs/lpc_open/boards/edu_ciaa_nxp/src/board.o
                                                  projects/lab3/out/modules/drivers_bm//src/adc.o
Chip_ADC_Int_SetChannelCmd                        projects/lab3/out/libs/lpc_open/lpc_chip_43xx/src/adc_18xx_43xx.o
                                                  projects/lab3/out/modules/drivers_bm//src/adc.o
Chip_ADC_ReadByte                                 projects/lab3/out/libs/lpc_open/lpc_chip_43xx/src/adc_18xx_43xx.o
Chip_ADC_ReadStatus                               projects/lab3/out/libs/lpc_open/lpc_chip_43xx/src/adc_18xx_43xx.o
                                                  projects/lab3/out/libs/lpc_open/boards/edu_ciaa_nxp/src/board.o
                                                  projects/lab3/out/modules/drivers_bm//src/adc.o
Chip_ADC_ReadValue                                projects/lab3/out/libs/lpc_open/lpc_chip_43xx/src/adc_18xx_43xx.o
                                                  projects/lab3/out/libs/lpc_open/boards/edu_ciaa_nxp/src/board.o
                                                  projects/lab3/out/modules/drivers_bm//src/adc.o
Chip_ADC_SetBurstCmd                              projects/lab3/out/libs/lpc_open/lpc_chip_43xx/src/adc_18xx_43xx.o
                                                  projects/lab3/out/libs/lpc_open/boards/edu_ciaa_nxp/src/board.o
Chip_ADC_SetResolution                            projects/lab3/out/libs/lpc_open/lpc_chip_43xx/src/adc_18xx_43xx.o
                                                  projects/lab3/out/libs/lpc_open/boards/edu_ciaa_nxp/src/board.o
Chip_ADC_SetSampleRate                            projects/lab3/out/libs/lpc_open/lpc_chip_43xx/src/adc_18xx_43xx.o
                                                  projects/lab3/out/libs/lpc_open/boards/edu_ciaa_nxp/src/board.o
                                                  projects/lab3/out/modules/drivers_bm//src/adc.o
Chip_ADC_SetStartMode                             projects/lab3/out/libs/lpc_open/lpc_chip_43xx/src/adc_18xx_43xx.o
                                                  projects/lab3/out/libs/lpc_open/boards/edu_ciaa_nxp/src/board.o
                                                  projects/lab3/out/modules/drivers_bm//src/adc.o
Chip_AES_Config_DMA                               projects/lab3/out/libs/lpc_open/lpc_chip_43xx/src/aes_18xx_43xx.o
Chip_AES_GetStatusDMA                             projects/lab3/out/libs/lpc_open/lpc_chip_43xx/src/aes_18xx_43xx.o
Chip_AES_Init                                     projects/lab3/out/libs/lpc_open/lpc_chip_43xx/src/aes_18xx_43xx.o
Chip_AES_LoadIV_IC                                projects/lab3/out/libs/lpc_open/lpc_chip_43xx/src/aes_18xx_43xx.o
Chip_AES_LoadIV_SW                                projects/lab3/out/libs/lpc_open/lpc_chip_43xx/src/aes_18xx_43xx.o
Chip_AES_LoadKey                                  projects/lab3/out/libs/lpc_open/lpc_chip_43xx/src/aes_18xx_43xx.o
Chip_AES_LoadKeyRNG                               projects/lab3/out/libs/lpc_open/lpc_chip_43xx/src/aes_18xx_43xx.o
Chip_AES_LoadKeySW                                projects/lab3/out/libs/lpc_open/lpc_chip_43xx/src/aes_18xx_43xx.o
Chip_AES_Operate                                  projects/lab3/out/libs/lpc_open/lpc_chip_43xx/src/aes_18xx_43xx.o
Chip_AES_OperateDMA                               projects/lab3/out/libs/lpc_open/lpc_chip_43xx/src/aes_18xx_43xx.o
Chip_AES_ProgramKey                               projects/lab3/out/libs/lpc_open/lpc_chip_43xx/src/aes_18xx_43xx.o
Chip_AES_SetMode                                  projects/lab3/out/libs/lpc_open/lpc_chip_43xx/src/aes_18xx_43xx.o
Chip_ATIMER_DeInit                                projects/lab3/out/libs/lpc_open/lpc_chip_43xx/src/atimer_18xx_43xx.o
Chip_ATIMER_Init                                  projects/lab3/out/libs/lpc_open/lpc_chip_43xx/src/atimer_18xx_43xx.o
Chip_CCAN_AddReceiveID                            projects/lab3/out/libs/lpc_open/lpc_chip_43xx/src/ccan_18xx_43xx.o
Chip_CCAN_ClearStatus                             projects/lab3/out/libs/lpc_open/lpc_chip_43xx/src/ccan_18xx_43xx.o
Chip_CCAN_DeInit                                  projects/lab3/out/libs/lpc_open/lpc_chip_43xx/src/ccan_18xx_43xx.o
Chip_CCAN_DeleteReceiveID                         projects/lab3/out/libs/lpc_open/lpc_chip_43xx/src/ccan_18xx_43xx.o
Chip_CCAN_GetMsgObject                            projects/lab3/out/libs/lpc_open/lpc_chip_43xx/src/ccan_18xx_43xx.o
Chip_CCAN_Init                                    projects/lab3/out/libs/lpc_open/lpc_chip_43xx/src/ccan_18xx_43xx.o
Chip_CCAN_Send                                    projects/lab3/out/libs/lpc_open/lpc_chip_43xx/src/ccan_18xx_43xx.o
Chip_CCAN_SetBitRate                              projects/lab3/out/libs/lpc_open/lpc_chip_43xx/src/ccan_18xx_43xx.o
Chip_CCAN_SetMsgObject                            projects/lab3/out/libs/lpc_open/lpc_chip_43xx/src/ccan_18xx_43xx.o
Chip_CCAN_SetValidMsg                             projects/lab3/out/libs/lpc_open/lpc_chip_43xx/src/ccan_18xx_43xx.o
Chip_CCAN_TransferMsgObject                       projects/lab3/out/libs/lpc_open/lpc_chip_43xx/src/ccan_18xx_43xx.o
Chip_Clock_CalcMainPLLValue                       projects/lab3/out/libs/lpc_open/lpc_chip_43xx/src/clock_18xx_43xx.o
                                                  projects/lab3/out/libs/lpc_open/lpc_chip_43xx/src/sysinit_18xx_43xx.o
Chip_Clock_ClearPowerDown                         projects/lab3/out/libs/lpc_open/lpc_chip_43xx/src/clock_18xx_43xx.o
Chip_Clock_Disable                                projects/lab3/out/libs/lpc_open/lpc_chip_43xx/src/clock_18xx_43xx.o
                                                  projects/lab3/out/libs/lpc_open/lpc_chip_43xx/src/i2c_18xx_43xx.o
                                                  projects/lab3/out/libs/lpc_open/lpc_chip_43xx/src/ssp_18xx_43xx.o
                                                  projects/lab3/out/libs/lpc_open/lpc_chip_43xx/src/enet_18xx_43xx.o
                                                  projects/lab3/out/libs/lpc_open/lpc_chip_43xx/src/gpdma_18xx_43xx.o
                                                  projects/lab3/out/libs/lpc_open/lpc_chip_43xx/src/spi_18xx_43xx.o
                                                  projects/lab3/out/libs/lpc_open/lpc_chip_43xx/src/sct_18xx_43xx.o
                                                  projects/lab3/out/libs/lpc_open/lpc_chip_43xx/src/i2cm_18xx_43xx.o
                                                  projects/lab3/out/libs/lpc_open/lpc_chip_43xx/src/timer_18xx_43xx.o
                                                  projects/lab3/out/libs/lpc_open/lpc_chip_43xx/src/sdif_18xx_43xx.o
                                                  projects/lab3/out/libs/lpc_open/lpc_chip_43xx/src/ccan_18xx_43xx.o
                                                  projects/lab3/out/libs/lpc_open/lpc_chip_43xx/src/adc_18xx_43xx.o
                                                  projects/lab3/out/libs/lpc_open/lpc_chip_43xx/src/uart_18xx_43xx.o
                                                  projects/lab3/out/libs/lpc_open/lpc_chip_43xx/src/lcd_18xx_43xx.o
                                                  projects/lab3/out/libs/lpc_open/lpc_chip_43xx/src/i2s_18xx_43xx.o
                                                  projects/lab3/out/libs/lpc_open/lpc_chip_43xx/src/ritimer_18xx_43xx.o
                                                  projects/lab3/out/libs/lpc_open/lpc_chip_43xx/src/dac_18xx_43xx.o
Chip_Clock_DisableBaseClock                       projects/lab3/out/libs/lpc_open/lpc_chip_43xx/src/clock_18xx_43xx.o
Chip_Clock_DisableCrystal                         projects/lab3/out/libs/lpc_open/lpc_chip_43xx/src/clock_18xx_43xx.o
Chip_Clock_DisablePLL                             projects/lab3/out/libs/lpc_open/lpc_chip_43xx/src/clock_18xx_43xx.o
Chip_Clock_Enable                                 projects/lab3/out/libs/lpc_open/lpc_chip_43xx/src/clock_18xx_43xx.o
                                                  projects/lab3/out/libs/lpc_open/lpc_chip_43xx/src/i2c_18xx_43xx.o
                                                  projects/lab3/out/libs/lpc_open/lpc_chip_43xx/src/ssp_18xx_43xx.o
                                                  projects/lab3/out/libs/lpc_open/lpc_chip_43xx/src/spi_18xx_43xx.o
                                                  projects/lab3/out/libs/lpc_open/lpc_chip_43xx/src/i2cm_18xx_43xx.o
                                                  projects/lab3/out/libs/lpc_open/lpc_chip_43xx/src/timer_18xx_43xx.o
                                                  projects/lab3/out/libs/lpc_open/lpc_chip_43xx/src/i2s_18xx_43xx.o
Chip_Clock_EnableBaseClock                        projects/lab3/out/libs/lpc_open/lpc_chip_43xx/src/clock_18xx_43xx.o
                                                  projects/lab3/out/libs/lpc_open/lpc_chip_43xx/src/chip_18xx_43xx.o
Chip_Clock_EnableCrystal                          projects/lab3/out/libs/lpc_open/lpc_chip_43xx/src/clock_18xx_43xx.o
                                                  projects/lab3/out/libs/lpc_open/lpc_chip_43xx/src/sysinit_18xx_43xx.o
Chip_Clock_EnableOpts                             projects/lab3/out/libs/lpc_open/lpc_chip_43xx/src/clock_18xx_43xx.o
                                                  projects/lab3/out/libs/lpc_open/lpc_chip_43xx/src/enet_18xx_43xx.o
                                                  projects/lab3/out/libs/lpc_open/lpc_chip_43xx/src/gpdma_18xx_43xx.o
                                                  projects/lab3/out/libs/lpc_open/lpc_chip_43xx/src/sct_18xx_43xx.o
                                                  projects/lab3/out/libs/lpc_open/lpc_chip_43xx/src/chip_18xx_43xx.o
                                                  projects/lab3/out/libs/lpc_open/lpc_chip_43xx/src/sdif_18xx_43xx.o
                                                  projects/lab3/out/libs/lpc_open/lpc_chip_43xx/src/ccan_18xx_43xx.o
                                                  projects/lab3/out/libs/lpc_open/lpc_chip_43xx/src/adc_18xx_43xx.o
                                                  projects/lab3/out/libs/lpc_open/lpc_chip_43xx/src/uart_18xx_43xx.o
                                                  projects/lab3/out/libs/lpc_open/lpc_chip_43xx/src/lcd_18xx_43xx.o
                                                  projects/lab3/out/libs/lpc_open/lpc_chip_43xx/src/ritimer_18xx_43xx.o
                                                  projects/lab3/out/libs/lpc_open/lpc_chip_43xx/src/dac_18xx_43xx.o
Chip_Clock_EnablePLL                              projects/lab3/out/libs/lpc_open/lpc_chip_43xx/src/clock_18xx_43xx.o
                                                  projects/lab3/out/libs/lpc_open/lpc_chip_43xx/src/chip_18xx_43xx.o
Chip_Clock_GetBaseClock                           projects/lab3/out/libs/lpc_open/lpc_chip_43xx/src/clock_18xx_43xx.o
Chip_Clock_GetBaseClockOpts                       projects/lab3/out/libs/lpc_open/lpc_chip_43xx/src/clock_18xx_43xx.o
Chip_Clock_GetBaseClocktHz                        projects/lab3/out/libs/lpc_open/lpc_chip_43xx/src/clock_18xx_43xx.o
                                                  projects/lab3/out/libs/lpc_open/lpc_chip_43xx/src/sdmmc_18xx_43xx.o
                                                  projects/lab3/out/libs/lpc_open/lpc_chip_43xx/src/sdio_18xx_43xx.o
Chip_Clock_GetClockInputHz                        projects/lab3/out/libs/lpc_open/lpc_chip_43xx/src/clock_18xx_43xx.o
                                                  projects/lab3/out/libs/lpc_open/lpc_chip_43xx/src/chip_18xx_43xx.o
Chip_Clock_GetDividerDivisor                      projects/lab3/out/libs/lpc_open/lpc_chip_43xx/src/clock_18xx_43xx.o
Chip_Clock_GetDividerSource                       projects/lab3/out/libs/lpc_open/lpc_chip_43xx/src/clock_18xx_43xx.o
Chip_Clock_GetEMCRate                             projects/lab3/out/libs/lpc_open/lpc_chip_43xx/src/clock_18xx_43xx.o
                                                  projects/lab3/out/libs/lpc_open/lpc_chip_43xx/src/emc_18xx_43xx.o
Chip_Clock_GetMainPLLHz                           projects/lab3/out/libs/lpc_open/lpc_chip_43xx/src/clock_18xx_43xx.o
Chip_Clock_GetPLLStatus                           projects/lab3/out/libs/lpc_open/lpc_chip_43xx/src/clock_18xx_43xx.o
                                                  projects/lab3/out/libs/lpc_open/lpc_chip_43xx/src/chip_18xx_43xx.o
Chip_Clock_GetRate                                projects/lab3/out/libs/lpc_open/lpc_chip_43xx/src/clock_18xx_43xx.o
                                                  projects/lab3/out/libs/lpc_open/lpc_chip_43xx/src/i2c_18xx_43xx.o
                                                  projects/lab3/out/libs/lpc_open/lpc_chip_43xx/src/ssp_18xx_43xx.o
                                                  projects/lab3/out/libs/lpc_open/lpc_chip_43xx/src/sct_pwm_18xx_43xx.o
                                                  projects/lab3/out/libs/lpc_open/lpc_chip_43xx/src/eeprom_18xx_43xx.o
                                                  projects/lab3/out/libs/lpc_open/lpc_chip_43xx/src/spi_18xx_43xx.o
                                                  projects/lab3/out/libs/lpc_open/lpc_chip_43xx/src/i2cm_18xx_43xx.o
                                                  projects/lab3/out/libs/lpc_open/lpc_chip_43xx/src/chip_18xx_43xx.o
                                                  projects/lab3/out/libs/lpc_open/lpc_chip_43xx/src/ccan_18xx_43xx.o
                                                  projects/lab3/out/libs/lpc_open/lpc_chip_43xx/src/stopwatch_18xx_43xx.o
                                                  projects/lab3/out/libs/lpc_open/lpc_chip_43xx/src/adc_18xx_43xx.o
                                                  projects/lab3/out/libs/lpc_open/lpc_chip_43xx/src/uart_18xx_43xx.o
                                                  projects/lab3/out/libs/lpc_open/lpc_chip_43xx/src/i2s_18xx_43xx.o
                                                  projects/lab3/out/libs/lpc_open/lpc_chip_43xx/src/ritimer_18xx_43xx.o
Chip_Clock_IsBaseClockEnabled                     projects/lab3/out/libs/lpc_open/lpc_chip_43xx/src/clock_18xx_43xx.o
Chip_Clock_RTCEnable                              projects/lab3/out/libs/lpc_open/lpc_chip_43xx/src/clock_18xx_43xx.o
                                                  projects/lab3/out/libs/lpc_open/lpc_chip_43xx/src/rtc_18xx_43xx.o
Chip_Clock_SetBaseClock                           projects/lab3/out/libs/lpc_open/lpc_chip_43xx/src/clock_18xx_43xx.o
                                                  projects/lab3/out/libs/lpc_open/lpc_chip_43xx/src/sysinit_18xx_43xx.o
                                                  projects/lab3/out/libs/lpc_open/lpc_chip_43xx/src/chip_18xx_43xx.o
                                                  projects/lab3/out/libs/lpc_open/boards/edu_ciaa_nxp/src/board_sysinit.o
Chip_Clock_SetDivider                             projects/lab3/out/libs/lpc_open/lpc_chip_43xx/src/clock_18xx_43xx.o
                                                  projects/lab3/out/libs/lpc_open/lpc_chip_43xx/src/chip_18xx_43xx.o
Chip_Clock_SetupMainPLLHz                         projects/lab3/out/libs/lpc_open/lpc_chip_43xx/src/clock_18xx_43xx.o
Chip_Clock_SetupMainPLLMult                       projects/lab3/out/libs/lpc_open/lpc_chip_43xx/src/clock_18xx_43xx.o
Chip_Clock_SetupPLL                               projects/lab3/out/libs/lpc_open/lpc_chip_43xx/src/clock_18xx_43xx.o
                                                  projects/lab3/out/libs/lpc_open/lpc_chip_43xx/src/chip_18xx_43xx.o
Chip_Clock_StartPowerDown                         projects/lab3/out/libs/lpc_open/lpc_chip_43xx/src/clock_18xx_43xx.o
Chip_DAC_DeInit                                   projects/lab3/out/libs/lpc_open/lpc_chip_43xx/src/dac_18xx_43xx.o
Chip_DAC_Init                                     projects/lab3/out/libs/lpc_open/lpc_chip_43xx/src/dac_18xx_43xx.o
                                                  projects/lab3/out/modules/drivers_bm//src/dac.o
Chip_DAC_SetBias                                  projects/lab3/out/libs/lpc_open/lpc_chip_43xx/src/dac_18xx_43xx.o
                                                  projects/lab3/out/modules/drivers_bm//src/dac.o
Chip_DAC_UpdateValue                              projects/lab3/out/libs/lpc_open/lpc_chip_43xx/src/dac_18xx_43xx.o
                                                  projects/lab3/out/modules/drivers_bm//src/dac.o
Chip_EEPROM_EraseProgramPage                      projects/lab3/out/libs/lpc_open/lpc_chip_43xx/src/eeprom_18xx_43xx.o
Chip_EEPROM_Init                                  projects/lab3/out/libs/lpc_open/lpc_chip_43xx/src/eeprom_18xx_43xx.o
Chip_EEPROM_WaitForIntStatus                      projects/lab3/out/libs/lpc_open/lpc_chip_43xx/src/eeprom_18xx_43xx.o
Chip_EMC_Dynamic_Enable                           projects/lab3/out/libs/lpc_open/lpc_chip_43xx/src/emc_18xx_43xx.o
Chip_EMC_Dynamic_Init                             projects/lab3/out/libs/lpc_open/lpc_chip_43xx/src/emc_18xx_43xx.o
Chip_EMC_Enable                                   projects/lab3/out/libs/lpc_open/lpc_chip_43xx/src/emc_18xx_43xx.o
Chip_EMC_Init                                     projects/lab3/out/libs/lpc_open/lpc_chip_43xx/src/emc_18xx_43xx.o
Chip_EMC_LowPowerMode                             projects/lab3/out/libs/lpc_open/lpc_chip_43xx/src/emc_18xx_43xx.o
Chip_EMC_Mirror                                   projects/lab3/out/libs/lpc_open/lpc_chip_43xx/src/emc_18xx_43xx.o
Chip_EMC_Static_Init                              projects/lab3/out/libs/lpc_open/lpc_chip_43xx/src/emc_18xx_43xx.o
Chip_ENET_DeInit                                  projects/lab3/out/libs/lpc_open/lpc_chip_43xx/src/enet_18xx_43xx.o
Chip_ENET_Init                                    projects/lab3/out/libs/lpc_open/lpc_chip_43xx/src/enet_18xx_43xx.o
Chip_ENET_SetDuplex                               projects/lab3/out/libs/lpc_open/lpc_chip_43xx/src/enet_18xx_43xx.o
Chip_ENET_SetSpeed                                projects/lab3/out/libs/lpc_open/lpc_chip_43xx/src/enet_18xx_43xx.o